../Hardware_drivers/Src/tb6560.c:19:17:tim2_cntclk_hz	16	static
../Hardware_drivers/Src/tb6560.c:31:13:apply_step_timing	80	static
../Hardware_drivers/Src/tb6560.c:62:6:tb6560_get_status	16	static
../Hardware_drivers/Src/tb6560.c:69:6:tb6560_init	16	static
../Hardware_drivers/Src/tb6560.c:84:6:tb6560_motor_enable	16	static
../Hardware_drivers/Src/tb6560.c:96:6:tb6560_set_direction_forward	16	static
../Hardware_drivers/Src/tb6560.c:103:6:tb6560_stop_steps	8	static
../Hardware_drivers/Src/tb6560.c:117:6:tb6560_set_step_rate_hz	16	static
../Hardware_drivers/Src/tb6560.c:135:13:move_steps_begin	16	static
../Hardware_drivers/Src/tb6560.c:149:6:tb6560_move_steps_start	16	static
../Hardware_drivers/Src/tb6560.c:157:6:tb6560_move_steps_blocking	16	static
../Hardware_drivers/Src/tb6560.c:169:6:HAL_TIM_PeriodElapsedCallback	16	static
