../Hardware_drivers/Src/tb6560.c:26:6:tb6560_take_pending_move	24	static,ignoring_inline_asm
../Hardware_drivers/Src/tb6560.c:45:17:tim2_cntclk_hz	16	static
../Hardware_drivers/Src/tb6560.c:57:13:tim_configure_pwm_hz	80	static
../Hardware_drivers/Src/tb6560.c:89:13:tim_restart_pwm_move_it	8	static
../Hardware_drivers/Src/tb6560.c:96:13:apply_step_timing	16	static
../Hardware_drivers/Src/tb6560.c:105:13:move_compute_ramp	56	static
../Hardware_drivers/Src/tb6560.c:157:13:ramp_reset_fields	4	static
../Hardware_drivers/Src/tb6560.c:165:6:tb6560_get_status	24	static
../Hardware_drivers/Src/tb6560.c:172:6:tb6560_init	16	static
../Hardware_drivers/Src/tb6560.c:189:6:tb6560_motor_enable	16	static
../Hardware_drivers/Src/tb6560.c:201:6:tb6560_set_direction_forward	16	static
../Hardware_drivers/Src/tb6560.c:208:6:tb6560_stop_steps	16	static
../Hardware_drivers/Src/tb6560.c:230:6:tb6560_set_step_rate_hz	16	static
../Hardware_drivers/Src/tb6560.c:249:13:move_steps_begin	48	static
../Hardware_drivers/Src/tb6560.c:291:6:tb6560_move_steps_start	16	static
../Hardware_drivers/Src/tb6560.c:299:6:tb6560_move_steps_blocking	16	static
../Hardware_drivers/Src/tb6560.c:311:6:HAL_TIM_PeriodElapsedCallback	64	static
