Archive member included to satisfy reference by file (symbol)

C:/ST/STM32CubeIDE_2.0.0/STM32CubeIDE/plugins/com.st.stm32cube.ide.mcu.externaltools.gnu-tools-for-stm32.13.3.rel1.win32_1.0.100.202509120712/tools/bin/../lib/gcc/arm-none-eabi/13.3.1/../../../../arm-none-eabi/lib/thumb/v7e-m+fp/hard\libc_nano.a(libc_a-exit.o)
                              C:/ST/STM32CubeIDE_2.0.0/STM32CubeIDE/plugins/com.st.stm32cube.ide.mcu.externaltools.gnu-tools-for-stm32.13.3.rel1.win32_1.0.100.202509120712/tools/bin/../lib/gcc/arm-none-eabi/13.3.1/../../../../arm-none-eabi/lib/thumb/v7e-m+fp/hard/crt0.o (exit)
C:/ST/STM32CubeIDE_2.0.0/STM32CubeIDE/plugins/com.st.stm32cube.ide.mcu.externaltools.gnu-tools-for-stm32.13.3.rel1.win32_1.0.100.202509120712/tools/bin/../lib/gcc/arm-none-eabi/13.3.1/../../../../arm-none-eabi/lib/thumb/v7e-m+fp/hard\libc_nano.a(libc_a-strtoul.o)
                              ./Hardware_drivers/Src/receiver.o (strtoul)
C:/ST/STM32CubeIDE_2.0.0/STM32CubeIDE/plugins/com.st.stm32cube.ide.mcu.externaltools.gnu-tools-for-stm32.13.3.rel1.win32_1.0.100.202509120712/tools/bin/../lib/gcc/arm-none-eabi/13.3.1/../../../../arm-none-eabi/lib/thumb/v7e-m+fp/hard\libc_nano.a(libc_a-ctype_.o)
                              ./Hardware_drivers/Src/receiver.o (_ctype_)
C:/ST/STM32CubeIDE_2.0.0/STM32CubeIDE/plugins/com.st.stm32cube.ide.mcu.externaltools.gnu-tools-for-stm32.13.3.rel1.win32_1.0.100.202509120712/tools/bin/../lib/gcc/arm-none-eabi/13.3.1/../../../../arm-none-eabi/lib/thumb/v7e-m+fp/hard\libc_nano.a(libc_a-findfp.o)
                              C:/ST/STM32CubeIDE_2.0.0/STM32CubeIDE/plugins/com.st.stm32cube.ide.mcu.externaltools.gnu-tools-for-stm32.13.3.rel1.win32_1.0.100.202509120712/tools/bin/../lib/gcc/arm-none-eabi/13.3.1/../../../../arm-none-eabi/lib/thumb/v7e-m+fp/hard\libc_nano.a(libc_a-exit.o) (__stdio_exit_handler)
C:/ST/STM32CubeIDE_2.0.0/STM32CubeIDE/plugins/com.st.stm32cube.ide.mcu.externaltools.gnu-tools-for-stm32.13.3.rel1.win32_1.0.100.202509120712/tools/bin/../lib/gcc/arm-none-eabi/13.3.1/../../../../arm-none-eabi/lib/thumb/v7e-m+fp/hard\libc_nano.a(libc_a-fwalk.o)
                              C:/ST/STM32CubeIDE_2.0.0/STM32CubeIDE/plugins/com.st.stm32cube.ide.mcu.externaltools.gnu-tools-for-stm32.13.3.rel1.win32_1.0.100.202509120712/tools/bin/../lib/gcc/arm-none-eabi/13.3.1/../../../../arm-none-eabi/lib/thumb/v7e-m+fp/hard\libc_nano.a(libc_a-findfp.o) (_fwalk_sglue)
C:/ST/STM32CubeIDE_2.0.0/STM32CubeIDE/plugins/com.st.stm32cube.ide.mcu.externaltools.gnu-tools-for-stm32.13.3.rel1.win32_1.0.100.202509120712/tools/bin/../lib/gcc/arm-none-eabi/13.3.1/../../../../arm-none-eabi/lib/thumb/v7e-m+fp/hard\libc_nano.a(libc_a-snprintf.o)
                              ./Hardware_drivers/Src/receiver.o (snprintf)
C:/ST/STM32CubeIDE_2.0.0/STM32CubeIDE/plugins/com.st.stm32cube.ide.mcu.externaltools.gnu-tools-for-stm32.13.3.rel1.win32_1.0.100.202509120712/tools/bin/../lib/gcc/arm-none-eabi/13.3.1/../../../../arm-none-eabi/lib/thumb/v7e-m+fp/hard\libc_nano.a(libc_a-stdio.o)
                              C:/ST/STM32CubeIDE_2.0.0/STM32CubeIDE/plugins/com.st.stm32cube.ide.mcu.externaltools.gnu-tools-for-stm32.13.3.rel1.win32_1.0.100.202509120712/tools/bin/../lib/gcc/arm-none-eabi/13.3.1/../../../../arm-none-eabi/lib/thumb/v7e-m+fp/hard\libc_nano.a(libc_a-findfp.o) (__sread)
C:/ST/STM32CubeIDE_2.0.0/STM32CubeIDE/plugins/com.st.stm32cube.ide.mcu.externaltools.gnu-tools-for-stm32.13.3.rel1.win32_1.0.100.202509120712/tools/bin/../lib/gcc/arm-none-eabi/13.3.1/../../../../arm-none-eabi/lib/thumb/v7e-m+fp/hard\libc_nano.a(libc_a-vsnprintf.o)
                              ./Hardware_drivers/Src/receiver.o (vsnprintf)
C:/ST/STM32CubeIDE_2.0.0/STM32CubeIDE/plugins/com.st.stm32cube.ide.mcu.externaltools.gnu-tools-for-stm32.13.3.rel1.win32_1.0.100.202509120712/tools/bin/../lib/gcc/arm-none-eabi/13.3.1/../../../../arm-none-eabi/lib/thumb/v7e-m+fp/hard\libc_nano.a(libc_a-memmove.o)
                              ./Hardware_drivers/Src/receiver.o (memmove)
C:/ST/STM32CubeIDE_2.0.0/STM32CubeIDE/plugins/com.st.stm32cube.ide.mcu.externaltools.gnu-tools-for-stm32.13.3.rel1.win32_1.0.100.202509120712/tools/bin/../lib/gcc/arm-none-eabi/13.3.1/../../../../arm-none-eabi/lib/thumb/v7e-m+fp/hard\libc_nano.a(libc_a-memset.o)
                              C:/ST/STM32CubeIDE_2.0.0/STM32CubeIDE/plugins/com.st.stm32cube.ide.mcu.externaltools.gnu-tools-for-stm32.13.3.rel1.win32_1.0.100.202509120712/tools/bin/../lib/gcc/arm-none-eabi/13.3.1/../../../../arm-none-eabi/lib/thumb/v7e-m+fp/hard/crt0.o (memset)
C:/ST/STM32CubeIDE_2.0.0/STM32CubeIDE/plugins/com.st.stm32cube.ide.mcu.externaltools.gnu-tools-for-stm32.13.3.rel1.win32_1.0.100.202509120712/tools/bin/../lib/gcc/arm-none-eabi/13.3.1/../../../../arm-none-eabi/lib/thumb/v7e-m+fp/hard\libc_nano.a(libc_a-strncmp.o)
                              ./Hardware_drivers/Src/receiver.o (strncmp)
[...]
Memory Configuration

Name             Origin             Length             Attributes
RAM              0x20000000         0x00008000         xrw
FLASH            0x08000000         0x00040000         xr
*default*        0x00000000         0xffffffff

Linker script and memory map

LOAD C:/ST/STM32CubeIDE_2.0.0/STM32CubeIDE/plugins/com.st.stm32cube.ide.mcu.externaltools.gnu-tools-for-stm32.13.3.rel1.win32_1.0.100.202509120712/tools/bin/../lib/gcc/arm-none-eabi/13.3.1/thumb/v7e-m+fp/hard/crti.o
LOAD C:/ST/STM32CubeIDE_2.0.0/STM32CubeIDE/plugins/com.st.stm32cube.ide.mcu.externaltools.gnu-tools-for-stm32.13.3.rel1.win32_1.0.100.202509120712/tools/bin/../lib/gcc/arm-none-eabi/13.3.1/thumb/v7e-m+fp/hard/crtbegin.o
LOAD C:/ST/STM32CubeIDE_2.0.0/STM32CubeIDE/plugins/com.st.stm32cube.ide.mcu.externaltools.gnu-tools-for-stm32.13.3.rel1.win32_1.0.100.202509120712/tools/bin/../lib/gcc/arm-none-eabi/13.3.1/../../../../arm-none-eabi/lib/thumb/v7e-m+fp/hard/crt0.o
LOAD ./Core/Src/main.o
LOAD ./Core/Src/stm32f3xx_hal_msp.o
LOAD ./Core/Src/stm32f3xx_it.o
LOAD ./Core/Src/syscalls.o
LOAD ./Core/Src/sysmem.o
LOAD ./Core/Src/system_stm32f3xx.o
LOAD ./Core/Startup/startup_stm32f373cctx.o
LOAD ./Drivers/STM32F3xx_HAL_Driver/Src/stm32f3xx_hal.o
LOAD ./Drivers/STM32F3xx_HAL_Driver/Src/stm32f3xx_hal_cortex.o
LOAD ./Drivers/STM32F3xx_HAL_Driver/Src/stm32f3xx_hal_crc.o
LOAD ./Drivers/STM32F3xx_HAL_Driver/Src/stm32f3xx_hal_crc_ex.o
LOAD ./Drivers/STM32F3xx_HAL_Driver/Src/stm32f3xx_hal_dma.o
LOAD ./Drivers/STM32F3xx_HAL_Driver/Src/stm32f3xx_hal_exti.o
LOAD ./Drivers/STM32F3xx_HAL_Driver/Src/stm32f3xx_hal_flash.o
LOAD ./Drivers/STM32F3xx_HAL_Driver/Src/stm32f3xx_hal_flash_ex.o
LOAD ./Drivers/STM32F3xx_HAL_Driver/Src/stm32f3xx_hal_gpio.o
LOAD ./Drivers/STM32F3xx_HAL_Driver/Src/stm32f3xx_hal_i2c.o
LOAD ./Drivers/STM32F3xx_HAL_Driver/Src/stm32f3xx_hal_i2c_ex.o
LOAD ./Drivers/STM32F3xx_HAL_Driver/Src/stm32f3xx_hal_pcd.o
LOAD ./Drivers/STM32F3xx_HAL_Driver/Src/stm32f3xx_hal_pcd_ex.o
LOAD ./Drivers/STM32F3xx_HAL_Driver/Src/stm32f3xx_hal_pwr.o
LOAD ./Drivers/STM32F3xx_HAL_Driver/Src/stm32f3xx_hal_pwr_ex.o
LOAD ./Drivers/STM32F3xx_HAL_Driver/Src/stm32f3xx_hal_rcc.o
LOAD ./Drivers/STM32F3xx_HAL_Driver/Src/stm32f3xx_hal_rcc_ex.o
LOAD ./Drivers/STM32F3xx_HAL_Driver/Src/stm32f3xx_hal_tim.o
LOAD ./Drivers/STM32F3xx_HAL_Driver/Src/stm32f3xx_hal_tim_ex.o
LOAD ./Drivers/STM32F3xx_HAL_Driver/Src/stm32f3xx_hal_uart.o
LOAD ./Drivers/STM32F3xx_HAL_Driver/Src/stm32f3xx_hal_uart_ex.o
LOAD ./Drivers/STM32F3xx_HAL_Driver/Src/stm32f3xx_ll_usb.o
LOAD ./Hardware_drivers/Src/Hardware_drivers.o
LOAD ./Hardware_drivers/Src/limits.o
LOAD ./Hardware_drivers/Src/receiver.o
LOAD ./Hardware_drivers/Src/tb6560.o
LOAD ./Logic/Src/app.o
LOAD ./Middlewares/ST/STM32_USB_Device_Library/Class/CDC/Src/usbd_cdc.o
LOAD ./Middlewares/ST/STM32_USB_Device_Library/Core/Src/usbd_core.o
LOAD ./Middlewares/ST/STM32_USB_Device_Library/Core/Src/usbd_ctlreq.o
LOAD ./Middlewares/ST/STM32_USB_Device_Library/Core/Src/usbd_ioreq.o
LOAD ./USB_DEVICE/App/usb_device.o
LOAD ./USB_DEVICE/App/usbd_cdc_if.o
LOAD ./USB_DEVICE/App/usbd_desc.o
LOAD ./USB_DEVICE/Target/usbd_conf.o
START GROUP
LOAD C:/ST/STM32CubeIDE_2.0.0/STM32CubeIDE/plugins/com.st.stm32cube.ide.mcu.externaltools.gnu-tools-for-stm32.13.3.rel1.win32_1.0.100.202509120712/tools/bin/../lib/gcc/arm-none-eabi/13.3.1/../../../../arm-none-eabi/lib/thumb/v7e-m+fp/hard\libc_nano.a
LOAD C:/ST/STM32CubeIDE_2.0.0/STM32CubeIDE/plugins/com.st.stm32cube.ide.mcu.externaltools.gnu-tools-for-stm32.13.3.rel1.win32_1.0.100.202509120712/tools/bin/../lib/gcc/arm-none-eabi/13.3.1/../../../../arm-none-eabi/lib/thumb/v7e-m+fp/hard\libm.a
END GROUP
START GROUP
LOAD C:/ST/STM32CubeIDE_2.0.0/STM32CubeIDE/plugins/com.st.stm32cube.ide.mcu.externaltools.gnu-tools-for-stm32.13.3.rel1.win32_1.0.100.202509120712/tools/bin/../lib/gcc/arm-none-eabi/13.3.1/thumb/v7e-m+fp/hard\libgcc.a
LOAD C:/ST/STM32CubeIDE_2.0.0/STM32CubeIDE/plugins/com.st.stm32cube.ide.mcu.externaltools.gnu-tools-for-stm32.13.3.rel1.win32_1.0.100.202509120712/tools/bin/../lib/gcc/arm-none-eabi/13.3.1/../../../../arm-none-eabi/lib/thumb/v7e-m+fp/hard\libc_nano.a
END GROUP
START GROUP
LOAD C:/ST/STM32CubeIDE_2.0.0/STM32CubeIDE/plugins/com.st.stm32cube.ide.mcu.externaltools.gnu-tools-for-stm32.13.3.rel1.win32_1.0.100.202509120712/tools/bin/../lib/gcc/arm-none-eabi/13.3.1/thumb/v7e-m+fp/hard\libgcc.a
LOAD C:/ST/STM32CubeIDE_2.0.0/STM32CubeIDE/plugins/com.st.stm32cube.ide.mcu.externaltools.gnu-tools-for-stm32.13.3.rel1.win32_1.0.100.202509120712/tools/bin/../lib/gcc/arm-none-eabi/13.3.1/../../../../arm-none-eabi/lib/thumb/v7e-m+fp/hard\libc_nano.a
LOAD C:/ST/STM32CubeIDE_2.0.0/STM32CubeIDE/plugins/com.st.stm32cube.ide.mcu.externaltools.gnu-tools-for-stm32.13.3.rel1.win32_1.0.100.202509120712/tools/bin/../lib/gcc/arm-none-eabi/13.3.1/../../../../arm-none-eabi/lib/thumb/v7e-m+fp/hard\libnosys.a
END GROUP
START GROUP
LOAD C:/ST/STM32CubeIDE_2.0.0/STM32CubeIDE/plugins/com.st.stm32cube.ide.mcu.externaltools.gnu-tools-for-stm32.13.3.rel1.win32_1.0.100.202509120712/tools/bin/../lib/gcc/arm-none-eabi/13.3.1/thumb/v7e-m+fp/hard\libgcc.a
LOAD C:/ST/STM32CubeIDE_2.0.0/STM32CubeIDE/plugins/com.st.stm32cube.ide.mcu.externaltools.gnu-tools-for-stm32.13.3.rel1.win32_1.0.100.202509120712/tools/bin/../lib/gcc/arm-none-eabi/13.3.1/../../../../arm-none-eabi/lib/thumb/v7e-m+fp/hard\libc_nano.a
LOAD C:/ST/STM32CubeIDE_2.0.0/STM32CubeIDE/plugins/com.st.stm32cube.ide.mcu.externaltools.gnu-tools-for-stm32.13.3.rel1.win32_1.0.100.202509120712/tools/bin/../lib/gcc/arm-none-eabi/13.3.1/../../../../arm-none-eabi/lib/thumb/v7e-m+fp/hard\libnosys.a
END GROUP
LOAD C:/ST/STM32CubeIDE_2.0.0/STM32CubeIDE/plugins/com.st.stm32cube.ide.mcu.externaltools.gnu-tools-for-stm32.13.3.rel1.win32_1.0.100.202509120712/tools/bin/../lib/gcc/arm-none-eabi/13.3.1/thumb/v7e-m+fp/hard/crtend.o
LOAD C:/ST/STM32CubeIDE_2.0.0/STM32CubeIDE/plugins/com.st.stm32cube.ide.mcu.externaltools.gnu-tools-for-stm32.13.3.rel1.win32_1.0.100.202509120712/tools/bin/../lib/gcc/arm-none-eabi/13.3.1/thumb/v7e-m+fp/hard/crtn.o
                0x20008000                        _estack = (ORIGIN (RAM) + LENGTH (RAM))
                0x00000200                        _Min_Heap_Size = 0x200
                0x00000400                        _Min_Stack_Size = 0x400

.isr_vector     0x08000000      0x188
                0x08000000                        . = ALIGN (0x4)
 *(.isr_vector)
 .isr_vector    0x08000000      0x188 ./Core/Startup/startup_stm32f373cctx.o
                0x08000000                g_pfnVectors
                0x08000188                        . = ALIGN (0x4)

.text           0x08000190     0xcbf4
                0x08000190                        . = ALIGN (0x4)
 *(.text)
 .text          0x08000190       0x40 C:/ST/STM32CubeIDE_2.0.0/STM32CubeIDE/plugins/com.st.stm32cube.ide.mcu.externaltools.gnu-tools-for-stm32.13.3.rel1.win32_1.0.100.202509120712/tools/bin/../lib/gcc/arm-none-eabi/13.3.1/thumb/v7e-m+fp/hard/crtbegin.o
 .text          0x080001d0       0x14 C:/ST/STM32CubeIDE_2.0.0/STM32CubeIDE/plugins/com.st.stm32cube.ide.mcu.externaltools.gnu-tools-for-stm32.13.3.rel1.win32_1.0.100.202509120712/tools/bin/../lib/gcc/arm-none-eabi/13.3.1/../../../../arm-none-eabi/lib/thumb/v7e-m+fp/hard\libc_nano.a(libc_a-strcmp.o)
                0x080001d0                strcmp
 .text          0x080001e4       0x10 C:/ST/STM32CubeIDE_2.0.0/STM32CubeIDE/plugins/com.st.stm32cube.ide.mcu.externaltools.gnu-tools-for-stm32.13.3.rel1.win32_1.0.100.202509120712/tools/bin/../lib/gcc/arm-none-eabi/13.3.1/../../../../arm-none-eabi/lib/thumb/v7e-m+fp/hard\libc_nano.a(libc_a-strlen.o)
                0x080001e4                strlen
 *fill*         0x080001f4        0xc 
 .text          0x08000200       0xa0 C:/ST/STM32CubeIDE_2.0.0/STM32CubeIDE/plugins/com.st.stm32cube.ide.mcu.externaltools.gnu-tools-for-stm32.13.3.rel1.win32_1.0.100.202509120712/tools/bin/../lib/gcc/arm-none-eabi/13.3.1/../../../../arm-none-eabi/lib/thumb/v7e-m+fp/hard\libc_nano.a(libc_a-memchr.o)
                0x08000200                memchr
 .text          0x080002a0       0x30 C:/ST/STM32CubeIDE_2.0.0/STM32CubeIDE/plugins/com.st.stm32cube.ide.mcu.externaltools.gnu-tools-for-stm32.13.3.rel1.win32_1.0.100.202509120712/tools/bin/../lib/gcc/arm-none-eabi/13.3.1/thumb/v7e-m+fp/hard\libgcc.a(_aeabi_uldivmod.o)
                0x080002a0                __aeabi_uldivmod
 .text          0x080002d0      0x2f8 C:/ST/STM32CubeIDE_2.0.0/STM32CubeIDE/plugins/com.st.stm32cube.ide.mcu.externaltools.gnu-tools-for-stm32.13.3.rel1.win32_1.0.100.202509120712/tools/bin/../lib/gcc/arm-none-eabi/13.3.1/thumb/v7e-m+fp/hard\libgcc.a(_udivmoddi4.o)
                0x080002d0                __udivmoddi4
 .text          0x080005c8        0x4 C:/ST/STM32CubeIDE_2.0.0/STM32CubeIDE/plugins/com.st.stm32cube.ide.mcu.externaltools.gnu-tools-for-stm32.13.3.rel1.win32_1.0.100.202509120712/tools/bin/../lib/gcc/arm-none-eabi/13.3.1/thumb/v7e-m+fp/hard\libgcc.a(_dvmd_tls.o)
                0x080005c8                __aeabi_idiv0
                0x080005c8                __aeabi_ldiv0
 *(.text*)
 .text.main     0x080005cc       0x38 ./Core/Src/main.o
                0x080005cc                main
 .text.SystemClock_Config
                0x08000604       0xc0 ./Core/Src/main.o
                0x08000604                SystemClock_Config
 .text.MX_CRC_Init
                0x080006c4       0x44 ./Core/Src/main.o
 .text.MX_TIM2_Init
                0x08000708       0xb0 ./Core/Src/main.o
 .text.MX_TIM17_Init
                0x080007b8       0xe8 ./Core/Src/main.o
 .text.MX_USART1_UART_Init
                0x080008a0       0x60 ./Core/Src/main.o
 .text.MX_GPIO_Init
                0x08000900       0xdc ./Core/Src/main.o
 .text.Error_Handler
                0x080009dc        0xc ./Core/Src/main.o
                0x080009dc                Error_Handler
 .text.HAL_MspInit
                0x080009e8       0x48 ./Core/Src/stm32f3xx_hal_msp.o
                0x080009e8                HAL_MspInit
 .text.HAL_CRC_MspInit
                0x08000a30       0x40 ./Core/Src/stm32f3xx_hal_msp.o
                0x08000a30                HAL_CRC_MspInit
 .text.HAL_TIM_PWM_MspInit
                0x08000a70       0x48 ./Core/Src/stm32f3xx_hal_msp.o
                0x08000a70                HAL_TIM_PWM_MspInit
 .text.HAL_TIM_Base_MspInit
                0x08000ab8       0x4c ./Core/Src/stm32f3xx_hal_msp.o
                0x08000ab8                HAL_TIM_Base_MspInit
 .text.HAL_TIM_MspPostInit
                0x08000b04       0x68 ./Core/Src/stm32f3xx_hal_msp.o
                0x08000b04                HAL_TIM_MspPostInit
 .text.HAL_UART_MspInit
                0x08000b6c       0x88 ./Core/Src/stm32f3xx_hal_msp.o
                0x08000b6c                HAL_UART_MspInit
 .text.NMI_Handler
                0x08000bf4        0x8 ./Core/Src/stm32f3xx_it.o
                0x08000bf4                NMI_Handler
 .text.HardFault_Handler
                0x08000bfc        0x8 ./Core/Src/stm32f3xx_it.o
                0x08000bfc                HardFault_Handler
 .text.MemManage_Handler
                0x08000c04        0x8 ./Core/Src/stm32f3xx_it.o
                0x08000c04                MemManage_Handler
 .text.BusFault_Handler
                0x08000c0c        0x8 ./Core/Src/stm32f3xx_it.o
                0x08000c0c                BusFault_Handler
 .text.UsageFault_Handler
                0x08000c14        0x8 ./Core/Src/stm32f3xx_it.o
                0x08000c14                UsageFault_Handler
 .text.SVC_Handler
                0x08000c1c        0xe ./Core/Src/stm32f3xx_it.o
                0x08000c1c                SVC_Handler
 .text.DebugMon_Handler
                0x08000c2a        0xe ./Core/Src/stm32f3xx_it.o
                0x08000c2a                DebugMon_Handler
 .text.PendSV_Handler
                0x08000c38        0xe ./Core/Src/stm32f3xx_it.o
                0x08000c38                PendSV_Handler
 .text.SysTick_Handler
                0x08000c46        0xc ./Core/Src/stm32f3xx_it.o
                0x08000c46                SysTick_Handler
 *fill*         0x08000c52        0x2 
 .text.TIM17_IRQHandler
                0x08000c54       0x14 ./Core/Src/stm32f3xx_it.o
                0x08000c54                TIM17_IRQHandler
 .text.TIM2_IRQHandler
                0x08000c68       0x14 ./Core/Src/stm32f3xx_it.o
                0x08000c68                TIM2_IRQHandler
 .text.USB_LP_IRQHandler
                0x08000c7c       0x14 ./Core/Src/stm32f3xx_it.o
                0x08000c7c                USB_LP_IRQHandler
 .text._getpid  0x08000c90       0x10 ./Core/Src/syscalls.o
                0x08000c90                _getpid
 .text._kill    0x08000ca0       0x20 ./Core/Src/syscalls.o
                0x08000ca0                _kill
 .text._exit    0x08000cc0       0x16 ./Core/Src/syscalls.o
                0x08000cc0                _exit
 .text._read    0x08000cd6       0x3a ./Core/Src/syscalls.o
                0x08000cd6                _read
 .text._write   0x08000d10       0x38 ./Core/Src/syscalls.o
                0x08000d10                _write
 .text._close   0x08000d48       0x18 ./Core/Src/syscalls.o
                0x08000d48                _close
 .text._fstat   0x08000d60       0x20 ./Core/Src/syscalls.o
                0x08000d60                _fstat
 .text._isatty  0x08000d80       0x16 ./Core/Src/syscalls.o
                0x08000d80                _isatty
 .text._lseek   0x08000d96       0x1a ./Core/Src/syscalls.o
                0x08000d96                _lseek
 .text._sbrk    0x08000db0       0x6c ./Core/Src/sysmem.o
                0x08000db0                _sbrk
 .text.SystemInit
                0x08000e1c       0x24 ./Core/Src/system_stm32f3xx.o
                0x08000e1c                SystemInit
 .text.Reset_Handler
                0x08000e40       0x50 ./Core/Startup/startup_stm32f373cctx.o
                0x08000e40                Reset_Handler
 .text.Default_Handler
                0x08000e90        0x2 ./Core/Startup/startup_stm32f373cctx.o
                0x08000e90                RTC_Alarm_IRQHandler
                0x08000e90                USB_HP_IRQHandler
                0x08000e90                PVD_IRQHandler
                0x08000e90                TAMP_STAMP_IRQHandler
                0x08000e90                EXTI3_IRQHandler
                0x08000e90                EXTI0_IRQHandler
                0x08000e90                I2C2_EV_IRQHandler
                0x08000e90                FPU_IRQHandler
                0x08000e90                CAN_TX_IRQHandler
                0x08000e90                SPI1_IRQHandler
                0x08000e90                CAN_SCE_IRQHandler
                0x08000e90                DMA2_Channel2_IRQHandler
                0x08000e90                DMA1_Channel4_IRQHandler
                0x08000e90                ADC1_IRQHandler
                0x08000e90                USART3_IRQHandler
                0x08000e90                DMA1_Channel7_IRQHandler
                0x08000e90                TIM4_IRQHandler
                0x08000e90                CAN_RX1_IRQHandler
                0x08000e90                DMA2_Channel1_IRQHandler
                0x08000e90                I2C1_EV_IRQHandler
                0x08000e90                DMA1_Channel6_IRQHandler
                0x08000e90                TIM16_IRQHandler
                0x08000e90                DMA2_Channel4_IRQHandler
                0x08000e90                TIM3_IRQHandler
                0x08000e90                RCC_IRQHandler
                0x08000e90                DMA1_Channel1_IRQHandler
                0x08000e90                Default_Handler
                0x08000e90                CEC_IRQHandler
                0x08000e90                EXTI15_10_IRQHandler
                0x08000e90                TIM14_IRQHandler
                0x08000e90                TIM13_IRQHandler
                0x08000e90                TIM12_IRQHandler
                0x08000e90                TIM7_IRQHandler
                0x08000e90                TIM5_IRQHandler
                0x08000e90                SDADC2_IRQHandler
                0x08000e90                TIM15_IRQHandler
                0x08000e90                TIM6_DAC1_IRQHandler
                0x08000e90                EXTI9_5_IRQHandler
                0x08000e90                RTC_WKUP_IRQHandler
                0x08000e90                SPI2_IRQHandler
                0x08000e90                DMA2_Channel5_IRQHandler
                0x08000e90                DMA1_Channel5_IRQHandler
                0x08000e90                EXTI4_IRQHandler
                0x08000e90                TIM18_DAC2_IRQHandler
                0x08000e90                DMA1_Channel3_IRQHandler
                0x08000e90                COMP_IRQHandler
                0x08000e90                WWDG_IRQHandler
                0x08000e90                SDADC1_IRQHandler
                0x08000e90                EXTI1_IRQHandler
                0x08000e90                SDADC3_IRQHandler
                0x08000e90                USART2_IRQHandler
                0x08000e90                TIM19_IRQHandler
                0x08000e90                I2C2_ER_IRQHandler
                0x08000e90                DMA1_Channel2_IRQHandler
                0x08000e90                FLASH_IRQHandler
                0x08000e90                USART1_IRQHandler
                0x08000e90                SPI3_IRQHandler
                0x08000e90                CAN_RX0_IRQHandler
                0x08000e90                I2C1_ER_IRQHandler
                0x08000e90                USBWakeUp_IRQHandler
                0x08000e90                DMA2_Channel3_IRQHandler
                0x08000e90                EXTI2_TSC_IRQHandler
 *fill*         0x08000e92        0x2 
 .text.HAL_Init
                0x08000e94       0x2c ./Drivers/STM32F3xx_HAL_Driver/Src/stm32f3xx_hal.o
                0x08000e94                HAL_Init
 .text.HAL_InitTick
                0x08000ec0       0x60 ./Drivers/STM32F3xx_HAL_Driver/Src/stm32f3xx_hal.o
                0x08000ec0                HAL_InitTick
 .text.HAL_IncTick
                0x08000f20       0x28 ./Drivers/STM32F3xx_HAL_Driver/Src/stm32f3xx_hal.o
                0x08000f20                HAL_IncTick
 .text.HAL_GetTick
                0x08000f48       0x18 ./Drivers/STM32F3xx_HAL_Driver/Src/stm32f3xx_hal.o
                0x08000f48                HAL_GetTick
 .text.__NVIC_SetPriorityGrouping
                0x08000f60       0x48 ./Drivers/STM32F3xx_HAL_Driver/Src/stm32f3xx_hal_cortex.o
 .text.__NVIC_GetPriorityGrouping
                0x08000fa8       0x1c ./Drivers/STM32F3xx_HAL_Driver/Src/stm32f3xx_hal_cortex.o
 .text.__NVIC_EnableIRQ
                0x08000fc4       0x3c ./Drivers/STM32F3xx_HAL_Driver/Src/stm32f3xx_hal_cortex.o
 .text.__NVIC_SetPriority
                0x08001000       0x54 ./Drivers/STM32F3xx_HAL_Driver/Src/stm32f3xx_hal_cortex.o
 .text.NVIC_EncodePriority
                0x08001054       0x66 ./Drivers/STM32F3xx_HAL_Driver/Src/stm32f3xx_hal_cortex.o
 *fill*         0x080010ba        0x2 
 .text.SysTick_Config
                0x080010bc       0x44 ./Drivers/STM32F3xx_HAL_Driver/Src/stm32f3xx_hal_cortex.o
 .text.HAL_NVIC_SetPriorityGrouping
                0x08001100       0x16 ./Drivers/STM32F3xx_HAL_Driver/Src/stm32f3xx_hal_cortex.o
                0x08001100                HAL_NVIC_SetPriorityGrouping
 .text.HAL_NVIC_SetPriority
                0x08001116       0x38 ./Drivers/STM32F3xx_HAL_Driver/Src/stm32f3xx_hal_cortex.o
                0x08001116                HAL_NVIC_SetPriority
 .text.HAL_NVIC_EnableIRQ
                0x0800114e       0x1c ./Drivers/STM32F3xx_HAL_Driver/Src/stm32f3xx_hal_cortex.o
                0x0800114e                HAL_NVIC_EnableIRQ
 .text.HAL_SYSTICK_Config
                0x0800116a       0x18 ./Drivers/STM32F3xx_HAL_Driver/Src/stm32f3xx_hal_cortex.o
                0x0800116a                HAL_SYSTICK_Config
 *fill*         0x08001182        0x2 
 .text.HAL_CRC_Init
                0x08001184       0xc8 ./Drivers/STM32F3xx_HAL_Driver/Src/stm32f3xx_hal_crc.o
                0x08001184                HAL_CRC_Init
 .text.HAL_CRCEx_Polynomial_Set
                0x0800124c      0x11c ./Drivers/STM32F3xx_HAL_Driver/Src/stm32f3xx_hal_crc_ex.o
                0x0800124c                HAL_CRCEx_Polynomial_Set
 .text.HAL_GPIO_Init
                0x08001368      0x2f4 ./Drivers/STM32F3xx_HAL_Driver/Src/stm32f3xx_hal_gpio.o
                0x08001368                HAL_GPIO_Init
 .text.HAL_GPIO_ReadPin
                0x0800165c       0x30 ./Drivers/STM32F3xx_HAL_Driver/Src/stm32f3xx_hal_gpio.o
                0x0800165c                HAL_GPIO_ReadPin
 .text.HAL_GPIO_WritePin
                0x0800168c       0x30 ./Drivers/STM32F3xx_HAL_Driver/Src/stm32f3xx_hal_gpio.o
                0x0800168c                HAL_GPIO_WritePin
 .text.HAL_PCD_Init
                0x080016bc      0x18e ./Drivers/STM32F3xx_HAL_Driver/Src/stm32f3xx_hal_pcd.o
                0x080016bc                HAL_PCD_Init
 .text.HAL_PCD_Start
                0x0800184a       0x4c ./Drivers/STM32F3xx_HAL_Driver/Src/stm32f3xx_hal_pcd.o
                0x0800184a                HAL_PCD_Start
 .text.HAL_PCD_IRQHandler
                0x08001896      0x1a8 ./Drivers/STM32F3xx_HAL_Driver/Src/stm32f3xx_hal_pcd.o
                0x08001896                HAL_PCD_IRQHandler
 .text.HAL_PCD_SetAddress
                0x08001a3e       0x48 ./Drivers/STM32F3xx_HAL_Driver/Src/stm32f3xx_hal_pcd.o
                0x08001a3e                HAL_PCD_SetAddress
 .text.HAL_PCD_EP_Open
                0x08001a86       0xba ./Drivers/STM32F3xx_HAL_Driver/Src/stm32f3xx_hal_pcd.o
                0x08001a86                HAL_PCD_EP_Open
 .text.HAL_PCD_EP_Close
                0x08001b40       0x90 ./Drivers/STM32F3xx_HAL_Driver/Src/stm32f3xx_hal_pcd.o
                0x08001b40                HAL_PCD_EP_Close
 .text.HAL_PCD_EP_Receive
                0x08001bd0       0x62 ./Drivers/STM32F3xx_HAL_Driver/Src/stm32f3xx_hal_pcd.o
                0x08001bd0                HAL_PCD_EP_Receive
 .text.HAL_PCD_EP_GetRxCount
                0x08001c32       0x30 ./Drivers/STM32F3xx_HAL_Driver/Src/stm32f3xx_hal_pcd.o
                0x08001c32                HAL_PCD_EP_GetRxCount
 .text.HAL_PCD_EP_Transmit
                0x08001c62       0x6e ./Drivers/STM32F3xx_HAL_Driver/Src/stm32f3xx_hal_pcd.o
                0x08001c62                HAL_PCD_EP_Transmit
 .text.HAL_PCD_EP_SetStall
                0x08001cd0       0xa4 ./Drivers/STM32F3xx_HAL_Driver/Src/stm32f3xx_hal_pcd.o
                0x08001cd0                HAL_PCD_EP_SetStall
 .text.HAL_PCD_EP_ClrStall
                0x08001d74       0xa8 ./Drivers/STM32F3xx_HAL_Driver/Src/stm32f3xx_hal_pcd.o
                0x08001d74                HAL_PCD_EP_ClrStall
 .text.PCD_EP_ISR_Handler
                0x08001e1c      0x79e ./Drivers/STM32F3xx_HAL_Driver/Src/stm32f3xx_hal_pcd.o
 .text.HAL_PCD_EP_DB_Receive
                0x080025ba      0x21a ./Drivers/STM32F3xx_HAL_Driver/Src/stm32f3xx_hal_pcd.o
 .text.HAL_PCD_EP_DB_Transmit
                0x080027d4      0x7f4 ./Drivers/STM32F3xx_HAL_Driver/Src/stm32f3xx_hal_pcd.o
 .text.HAL_PCDEx_PMAConfig
                0x08002fc8       0x86 ./Drivers/STM32F3xx_HAL_Driver/Src/stm32f3xx_hal_pcd_ex.o
                0x08002fc8                HAL_PCDEx_PMAConfig
 *fill*         0x0800304e        0x2 
 .text.HAL_RCC_OscConfig
                0x08003050     0x101c ./Drivers/STM32F3xx_HAL_Driver/Src/stm32f3xx_hal_rcc.o
                0x08003050                HAL_RCC_OscConfig
 .text.HAL_RCC_ClockConfig
                0x0800406c      0x2dc ./Drivers/STM32F3xx_HAL_Driver/Src/stm32f3xx_hal_rcc.o
                0x0800406c                HAL_RCC_ClockConfig
 .text.HAL_RCC_GetSysClockFreq
                0x08004348       0xa8 ./Drivers/STM32F3xx_HAL_Driver/Src/stm32f3xx_hal_rcc.o
                0x08004348                HAL_RCC_GetSysClockFreq
 .text.HAL_RCC_GetHCLKFreq
                0x080043f0       0x18 ./Drivers/STM32F3xx_HAL_Driver/Src/stm32f3xx_hal_rcc.o
                0x080043f0                HAL_RCC_GetHCLKFreq
 .text.HAL_RCC_GetPCLK1Freq
                0x08004408       0x44 ./Drivers/STM32F3xx_HAL_Driver/Src/stm32f3xx_hal_rcc.o
                0x08004408                HAL_RCC_GetPCLK1Freq
 .text.HAL_RCC_GetPCLK2Freq
                0x0800444c       0x44 ./Drivers/STM32F3xx_HAL_Driver/Src/stm32f3xx_hal_rcc.o
                0x0800444c                HAL_RCC_GetPCLK2Freq
 .text.HAL_RCCEx_PeriphCLKConfig
                0x08004490      0x2e4 ./Drivers/STM32F3xx_HAL_Driver/Src/stm32f3xx_hal_rcc_ex.o
                0x08004490                HAL_RCCEx_PeriphCLKConfig
 .text.HAL_TIM_Base_Init
                0x08004774       0x9e ./Drivers/STM32F3xx_HAL_Driver/Src/stm32f3xx_hal_tim.o
                0x08004774                HAL_TIM_Base_Init
 .text.HAL_TIM_OC_Init
                0x08004812       0x9e ./Drivers/STM32F3xx_HAL_Driver/Src/stm32f3xx_hal_tim.o
                0x08004812                HAL_TIM_OC_Init
 .text.HAL_TIM_OC_MspInit
                0x080048b0       0x14 ./Drivers/STM32F3xx_HAL_Driver/Src/stm32f3xx_hal_tim.o
                0x080048b0                HAL_TIM_OC_MspInit
 .text.HAL_TIM_PWM_Init
                0x080048c4       0x9e ./Drivers/STM32F3xx_HAL_Driver/Src/stm32f3xx_hal_tim.o
                0x080048c4                HAL_TIM_PWM_Init
 *fill*         0x08004962        0x2 
 .text.HAL_TIM_PWM_Start
                0x08004964      0x194 ./Drivers/STM32F3xx_HAL_Driver/Src/stm32f3xx_hal_tim.o
                0x08004964                HAL_TIM_PWM_Start
 .text.HAL_TIM_PWM_Stop
                0x08004af8       0xf0 ./Drivers/STM32F3xx_HAL_Driver/Src/stm32f3xx_hal_tim.o
                0x08004af8                HAL_TIM_PWM_Stop
 .text.HAL_TIM_IRQHandler
                0x08004be8      0x1e0 ./Drivers/STM32F3xx_HAL_Driver/Src/stm32f3xx_hal_tim.o
                0x08004be8                HAL_TIM_IRQHandler
 .text.HAL_TIM_OC_ConfigChannel
                0x08004dc8       0xb8 ./Drivers/STM32F3xx_HAL_Driver/Src/stm32f3xx_hal_tim.o
                0x08004dc8                HAL_TIM_OC_ConfigChannel
 .text.HAL_TIM_PWM_ConfigChannel
                0x08004e80      0x184 ./Drivers/STM32F3xx_HAL_Driver/Src/stm32f3xx_hal_tim.o
                0x08004e80                HAL_TIM_PWM_ConfigChannel
 .text.HAL_TIM_OC_DelayElapsedCallback
                0x08005004       0x14 ./Drivers/STM32F3xx_HAL_Driver/Src/stm32f3xx_hal_tim.o
                0x08005004                HAL_TIM_OC_DelayElapsedCallback
 .text.HAL_TIM_IC_CaptureCallback
                0x08005018       0x14 ./Drivers/STM32F3xx_HAL_Driver/Src/stm32f3xx_hal_tim.o
                0x08005018                HAL_TIM_IC_CaptureCallback
 .text.HAL_TIM_PWM_PulseFinishedCallback
                0x0800502c       0x14 ./Drivers/STM32F3xx_HAL_Driver/Src/stm32f3xx_hal_tim.o
                0x0800502c                HAL_TIM_PWM_PulseFinishedCallback
 .text.HAL_TIM_TriggerCallback
                0x08005040       0x14 ./Drivers/STM32F3xx_HAL_Driver/Src/stm32f3xx_hal_tim.o
                0x08005040                HAL_TIM_TriggerCallback
 .text.TIM_Base_SetConfig
                0x08005054      0x14c ./Drivers/STM32F3xx_HAL_Driver/Src/stm32f3xx_hal_tim.o
                0x08005054                TIM_Base_SetConfig
 .text.TIM_OC1_SetConfig
                0x080051a0       0xf4 ./Drivers/STM32F3xx_HAL_Driver/Src/stm32f3xx_hal_tim.o
 .text.TIM_OC2_SetConfig
                0x08005294       0xc4 ./Drivers/STM32F3xx_HAL_Driver/Src/stm32f3xx_hal_tim.o
                0x08005294                TIM_OC2_SetConfig
 .text.TIM_OC3_SetConfig
                0x08005358       0x7c ./Drivers/STM32F3xx_HAL_Driver/Src/stm32f3xx_hal_tim.o
 .text.TIM_OC4_SetConfig
                0x080053d4       0x7e ./Drivers/STM32F3xx_HAL_Driver/Src/stm32f3xx_hal_tim.o
 .text.TIM_CCxChannelCmd
                0x08005452       0x4a ./Drivers/STM32F3xx_HAL_Driver/Src/stm32f3xx_hal_tim.o
                0x08005452                TIM_CCxChannelCmd
 .text.HAL_TIMEx_MasterConfigSynchronization
                0x0800549c       0xe8 ./Drivers/STM32F3xx_HAL_Driver/Src/stm32f3xx_hal_tim_ex.o
                0x0800549c                HAL_TIMEx_MasterConfigSynchronization
 .text.HAL_TIMEx_ConfigBreakDeadTime
                0x08005584       0xa4 ./Drivers/STM32F3xx_HAL_Driver/Src/stm32f3xx_hal_tim_ex.o
                0x08005584                HAL_TIMEx_ConfigBreakDeadTime
 .text.HAL_TIMEx_CommutCallback
                0x08005628       0x14 ./Drivers/STM32F3xx_HAL_Driver/Src/stm32f3xx_hal_tim_ex.o
                0x08005628                HAL_TIMEx_CommutCallback
 .text.HAL_TIMEx_BreakCallback
                0x0800563c       0x14 ./Drivers/STM32F3xx_HAL_Driver/Src/stm32f3xx_hal_tim_ex.o
                0x0800563c                HAL_TIMEx_BreakCallback
 .text.HAL_UART_Init
                0x08005650       0x9c ./Drivers/STM32F3xx_HAL_Driver/Src/stm32f3xx_hal_uart.o
                0x08005650                HAL_UART_Init
 .text.UART_SetConfig
                0x080056ec      0x2f4 ./Drivers/STM32F3xx_HAL_Driver/Src/stm32f3xx_hal_uart.o
                0x080056ec                UART_SetConfig
 .text.UART_AdvFeatureConfig
                0x080059e0      0x144 ./Drivers/STM32F3xx_HAL_Driver/Src/stm32f3xx_hal_uart.o
                0x080059e0                UART_AdvFeatureConfig
 .text.UART_CheckIdleState
                0x08005b24      0x150 ./Drivers/STM32F3xx_HAL_Driver/Src/stm32f3xx_hal_uart.o
                0x08005b24                UART_CheckIdleState
 .text.UART_WaitOnFlagUntilTimeout
                0x08005c74       0xda ./Drivers/STM32F3xx_HAL_Driver/Src/stm32f3xx_hal_uart.o
                0x08005c74                UART_WaitOnFlagUntilTimeout
 .text.UART_EndRxTransfer
                0x08005d4e       0xc8 ./Drivers/STM32F3xx_HAL_Driver/Src/stm32f3xx_hal_uart.o
 .text.USB_EnableGlobalInt
                0x08005e16       0x2e ./Drivers/STM32F3xx_HAL_Driver/Src/stm32f3xx_ll_usb.o
                0x08005e16                USB_EnableGlobalInt
 .text.USB_DisableGlobalInt
                0x08005e44       0x36 ./Drivers/STM32F3xx_HAL_Driver/Src/stm32f3xx_ll_usb.o
                0x08005e44                USB_DisableGlobalInt
 .text.USB_DevInit
                0x08005e7a       0x3c ./Drivers/STM32F3xx_HAL_Driver/Src/stm32f3xx_ll_usb.o
                0x08005e7a                USB_DevInit
 *fill*         0x08005eb6        0x2 
 .text.USB_ActivateEndpoint
                0x08005eb8      0x788 ./Drivers/STM32F3xx_HAL_Driver/Src/stm32f3xx_ll_usb.o
                0x08005eb8                USB_ActivateEndpoint
 .text.USB_DeactivateEndpoint
                0x08006640      0x3da ./Drivers/STM32F3xx_HAL_Driver/Src/stm32f3xx_ll_usb.o
                0x08006640                USB_DeactivateEndpoint
 .text.USB_EPStartXfer
                0x08006a1a     0x1764 ./Drivers/STM32F3xx_HAL_Driver/Src/stm32f3xx_ll_usb.o
                0x08006a1a                USB_EPStartXfer
 .text.USB_EPSetStall
                0x0800817e       0xa2 ./Drivers/STM32F3xx_HAL_Driver/Src/stm32f3xx_ll_usb.o
                0x0800817e                USB_EPSetStall
 .text.USB_EPClearStall
                0x08008220      0x15c ./Drivers/STM32F3xx_HAL_Driver/Src/stm32f3xx_ll_usb.o
                0x08008220                USB_EPClearStall
 .text.USB_SetDevAddress
                0x0800837c       0x28 ./Drivers/STM32F3xx_HAL_Driver/Src/stm32f3xx_ll_usb.o
                0x0800837c                USB_SetDevAddress
 .text.USB_DevConnect
                0x080083a4       0x16 ./Drivers/STM32F3xx_HAL_Driver/Src/stm32f3xx_ll_usb.o
                0x080083a4                USB_DevConnect
 .text.USB_ReadInterrupts
                0x080083ba       0x20 ./Drivers/STM32F3xx_HAL_Driver/Src/stm32f3xx_ll_usb.o
                0x080083ba                USB_ReadInterrupts
 .text.USB_WritePMA
                0x080083da       0x8e ./Drivers/STM32F3xx_HAL_Driver/Src/stm32f3xx_ll_usb.o
                0x080083da                USB_WritePMA
 .text.USB_ReadPMA
                0x08008468       0xa0 ./Drivers/STM32F3xx_HAL_Driver/Src/stm32f3xx_ll_usb.o
                0x08008468                USB_ReadPMA
 .text.limits_raw_low
                0x08008508       0x2a ./Hardware_drivers/Src/limits.o
 .text.limits_debounce_step
                0x08008532       0x4c ./Hardware_drivers/Src/limits.o
 .text.limits_debounce_sync
                0x0800857e       0x2c ./Hardware_drivers/Src/limits.o
 *fill*         0x080085aa        0x2 
 .text.limits_init
                0x080085ac       0x38 ./Hardware_drivers/Src/limits.o
                0x080085ac                limits_init
 .text.limits_update
                0x080085e4       0x38 ./Hardware_drivers/Src/limits.o
                0x080085e4                limits_update
 .text.limits_min_engaged
                0x0800861c       0x18 ./Hardware_drivers/Src/limits.o
                0x0800861c                limits_min_engaged
 .text.limits_max_engaged
                0x08008634       0x18 ./Hardware_drivers/Src/limits.o
                0x08008634                limits_max_engaged
 .text.receiver_replyf
                0x0800864c       0x4c ./Hardware_drivers/Src/receiver.o
 .text.receiver_prefix_is_efgh_ci
                0x08008698       0xdc ./Hardware_drivers/Src/receiver.o
 .text.mot_reply_stat
                0x08008774       0x9c ./Hardware_drivers/Src/receiver.o
 .text.cli_process
                0x08008810      0x7f8 ./Hardware_drivers/Src/receiver.o
 .text.receiver_line_flush
                0x08009008      0x2a0 ./Hardware_drivers/Src/receiver.o
 .text.Receiver_OnData
                0x080092a8       0x80 ./Hardware_drivers/Src/receiver.o
                0x080092a8                Receiver_OnData
 .text.tim2_cntclk_hz
                0x08009328       0x2c ./Hardware_drivers/Src/tb6560.o
 .text.apply_step_timing
                0x08009354      0x13c ./Hardware_drivers/Src/tb6560.o
 .text.tb6560_get_status
                0x08009490       0x2c ./Hardware_drivers/Src/tb6560.o
                0x08009490                tb6560_get_status
 .text.tb6560_init
                0x080094bc       0x4c ./Hardware_drivers/Src/tb6560.o
                0x080094bc                tb6560_init
 .text.tb6560_motor_enable
                0x08009508       0x30 ./Hardware_drivers/Src/tb6560.o
                0x08009508                tb6560_motor_enable
 .text.tb6560_set_direction_forward
                0x08009538       0x2c ./Hardware_drivers/Src/tb6560.o
                0x08009538                tb6560_set_direction_forward
 .text.tb6560_stop_steps
                0x08009564       0x58 ./Hardware_drivers/Src/tb6560.o
                0x08009564                tb6560_stop_steps
 .text.tb6560_set_step_rate_hz
                0x080095bc       0x64 ./Hardware_drivers/Src/tb6560.o
                0x080095bc                tb6560_set_step_rate_hz
 .text.move_steps_begin
                0x08009620       0x74 ./Hardware_drivers/Src/tb6560.o
 .text.tb6560_move_steps_start
                0x08009694       0x34 ./Hardware_drivers/Src/tb6560.o
                0x08009694                tb6560_move_steps_start
 .text.HAL_TIM_PeriodElapsedCallback
                0x080096c8       0x6c ./Hardware_drivers/Src/tb6560.o
                0x080096c8                HAL_TIM_PeriodElapsedCallback
 .text.app_process
                0x08009734       0x50 ./Logic/Src/app.o
                0x08009734                app_process
 .text.USBD_CDC_Init
                0x08009784       0xf4 ./Middlewares/ST/STM32_USB_Device_Library/Class/CDC/Src/usbd_cdc.o
 .text.USBD_CDC_DeInit
                0x08009878       0x6e ./Middlewares/ST/STM32_USB_Device_Library/Class/CDC/Src/usbd_cdc.o
 .text.USBD_CDC_Setup
                0x080098e6      0x146 ./Middlewares/ST/STM32_USB_Device_Library/Class/CDC/Src/usbd_cdc.o
 .text.USBD_CDC_DataIn
                0x08009a2c       0xa6 ./Middlewares/ST/STM32_USB_Device_Library/Class/CDC/Src/usbd_cdc.o
 .text.USBD_CDC_DataOut
                0x08009ad2       0x56 ./Middlewares/ST/STM32_USB_Device_Library/Class/CDC/Src/usbd_cdc.o
 .text.USBD_CDC_EP0_RxReady
                0x08009b28       0x4e ./Middlewares/ST/STM32_USB_Device_Library/Class/CDC/Src/usbd_cdc.o
 *fill*         0x08009b76        0x2 
 .text.USBD_CDC_GetFSCfgDesc
                0x08009b78       0x20 ./Middlewares/ST/STM32_USB_Device_Library/Class/CDC/Src/usbd_cdc.o
 .text.USBD_CDC_GetHSCfgDesc
                0x08009b98       0x20 ./Middlewares/ST/STM32_USB_Device_Library/Class/CDC/Src/usbd_cdc.o
 .text.USBD_CDC_GetOtherSpeedCfgDesc
                0x08009bb8       0x20 ./Middlewares/ST/STM32_USB_Device_Library/Class/CDC/Src/usbd_cdc.o
 .text.USBD_CDC_GetDeviceQualifierDescriptor
                0x08009bd8       0x20 ./Middlewares/ST/STM32_USB_Device_Library/Class/CDC/Src/usbd_cdc.o
                0x08009bd8                USBD_CDC_GetDeviceQualifierDescriptor
 .text.USBD_CDC_RegisterInterface
                0x08009bf8       0x2e ./Middlewares/ST/STM32_USB_Device_Library/Class/CDC/Src/usbd_cdc.o
                0x08009bf8                USBD_CDC_RegisterInterface
 .text.USBD_CDC_SetTxBuffer
                0x08009c26       0x34 ./Middlewares/ST/STM32_USB_Device_Library/Class/CDC/Src/usbd_cdc.o
                0x08009c26                USBD_CDC_SetTxBuffer
 .text.USBD_CDC_SetRxBuffer
                0x08009c5a       0x28 ./Middlewares/ST/STM32_USB_Device_Library/Class/CDC/Src/usbd_cdc.o
                0x08009c5a                USBD_CDC_SetRxBuffer
 .text.USBD_CDC_TransmitPacket
                0x08009c82       0x5e ./Middlewares/ST/STM32_USB_Device_Library/Class/CDC/Src/usbd_cdc.o
                0x08009c82                USBD_CDC_TransmitPacket
 .text.USBD_CDC_ReceivePacket
                0x08009ce0       0x54 ./Middlewares/ST/STM32_USB_Device_Library/Class/CDC/Src/usbd_cdc.o
                0x08009ce0                USBD_CDC_ReceivePacket
 .text.USBD_Init
                0x08009d34       0x56 ./Middlewares/ST/STM32_USB_Device_Library/Core/Src/usbd_core.o
                0x08009d34                USBD_Init
 .text.USBD_RegisterClass
                0x08009d8a       0x34 ./Middlewares/ST/STM32_USB_Device_Library/Core/Src/usbd_core.o
                0x08009d8a                USBD_RegisterClass
 .text.USBD_Start
                0x08009dbe       0x18 ./Middlewares/ST/STM32_USB_Device_Library/Core/Src/usbd_core.o
                0x08009dbe                USBD_Start
 .text.USBD_RunTestMode
                0x08009dd6       0x16 ./Middlewares/ST/STM32_USB_Device_Library/Core/Src/usbd_core.o
                0x08009dd6                USBD_RunTestMode
 .text.USBD_SetClassConfig
                0x08009dec       0x3e ./Middlewares/ST/STM32_USB_Device_Library/Core/Src/usbd_core.o
                0x08009dec                USBD_SetClassConfig
 .text.USBD_ClrClassConfig
                0x08009e2a       0x26 ./Middlewares/ST/STM32_USB_Device_Library/Core/Src/usbd_core.o
                0x08009e2a                USBD_ClrClassConfig
 .text.USBD_LL_SetupStage
                0x08009e50       0x9a ./Middlewares/ST/STM32_USB_Device_Library/Core/Src/usbd_core.o
                0x08009e50                USBD_LL_SetupStage
 .text.USBD_LL_DataOutStage
                0x08009eea       0xe2 ./Middlewares/ST/STM32_USB_Device_Library/Core/Src/usbd_core.o
                0x08009eea                USBD_LL_DataOutStage
 .text.USBD_LL_DataInStage
                0x08009fcc      0x14a ./Middlewares/ST/STM32_USB_Device_Library/Core/Src/usbd_core.o
                0x08009fcc                USBD_LL_DataInStage
 .text.USBD_LL_Reset
                0x0800a116       0x82 ./Middlewares/ST/STM32_USB_Device_Library/Core/Src/usbd_core.o
                0x0800a116                USBD_LL_Reset
 .text.USBD_LL_SetSpeed
                0x0800a198       0x20 ./Middlewares/ST/STM32_USB_Device_Library/Core/Src/usbd_core.o
                0x0800a198                USBD_LL_SetSpeed
 .text.USBD_LL_Suspend
                0x0800a1b8       0x2a ./Middlewares/ST/STM32_USB_Device_Library/Core/Src/usbd_core.o
                0x0800a1b8                USBD_LL_Suspend
 .text.USBD_LL_Resume
                0x0800a1e2       0x2c ./Middlewares/ST/STM32_USB_Device_Library/Core/Src/usbd_core.o
                0x0800a1e2                USBD_LL_Resume
 .text.USBD_LL_SOF
                0x0800a20e       0x34 ./Middlewares/ST/STM32_USB_Device_Library/Core/Src/usbd_core.o
                0x0800a20e                USBD_LL_SOF
 *fill*         0x0800a242        0x2 
 .text.USBD_StdDevReq
                0x0800a244       0xd4 ./Middlewares/ST/STM32_USB_Device_Library/Core/Src/usbd_ctlreq.o
                0x0800a244                USBD_StdDevReq
 .text.USBD_StdItfReq
                0x0800a318       0x90 ./Middlewares/ST/STM32_USB_Device_Library/Core/Src/usbd_ctlreq.o
                0x0800a318                USBD_StdItfReq
 .text.USBD_StdEPReq
                0x0800a3a8      0x2c6 ./Middlewares/ST/STM32_USB_Device_Library/Core/Src/usbd_ctlreq.o
                0x0800a3a8                USBD_StdEPReq
 *fill*         0x0800a66e        0x2 
 .text.USBD_GetDescriptor
                0x0800a670      0x2d0 ./Middlewares/ST/STM32_USB_Device_Library/Core/Src/usbd_ctlreq.o
 .text.USBD_SetAddress
                0x0800a940       0x86 ./Middlewares/ST/STM32_USB_Device_Library/Core/Src/usbd_ctlreq.o
 *fill*         0x0800a9c6        0x2 
 .text.USBD_SetConfig
                0x0800a9c8      0x11c ./Middlewares/ST/STM32_USB_Device_Library/Core/Src/usbd_ctlreq.o
 .text.USBD_GetConfig
                0x0800aae4       0x6a ./Middlewares/ST/STM32_USB_Device_Library/Core/Src/usbd_ctlreq.o
 .text.USBD_GetStatus
                0x0800ab4e       0x66 ./Middlewares/ST/STM32_USB_Device_Library/Core/Src/usbd_ctlreq.o
 .text.USBD_SetFeature
                0x0800abb4       0x28 ./Middlewares/ST/STM32_USB_Device_Library/Core/Src/usbd_ctlreq.o
 .text.USBD_ClrFeature
                0x0800abdc       0x42 ./Middlewares/ST/STM32_USB_Device_Library/Core/Src/usbd_ctlreq.o
 .text.USBD_ParseSetupRequest
                0x0800ac1e       0x74 ./Middlewares/ST/STM32_USB_Device_Library/Core/Src/usbd_ctlreq.o
                0x0800ac1e                USBD_ParseSetupRequest
 .text.USBD_CtlError
                0x0800ac92       0x22 ./Middlewares/ST/STM32_USB_Device_Library/Core/Src/usbd_ctlreq.o
                0x0800ac92                USBD_CtlError
 .text.USBD_GetString
                0x0800acb4       0x84 ./Middlewares/ST/STM32_USB_Device_Library/Core/Src/usbd_ctlreq.o
                0x0800acb4                USBD_GetString
 .text.USBD_GetLen
                0x0800ad38       0x30 ./Middlewares/ST/STM32_USB_Device_Library/Core/Src/usbd_ctlreq.o
 .text.USBD_CtlSendData
                0x0800ad68       0x38 ./Middlewares/ST/STM32_USB_Device_Library/Core/Src/usbd_ioreq.o
                0x0800ad68                USBD_CtlSendData
 .text.USBD_CtlContinueSendData
                0x0800ada0       0x24 ./Middlewares/ST/STM32_USB_Device_Library/Core/Src/usbd_ioreq.o
                0x0800ada0                USBD_CtlContinueSendData
 .text.USBD_CtlPrepareRx
                0x0800adc4       0x3c ./Middlewares/ST/STM32_USB_Device_Library/Core/Src/usbd_ioreq.o
                0x0800adc4                USBD_CtlPrepareRx
 .text.USBD_CtlContinueRx
                0x0800ae00       0x24 ./Middlewares/ST/STM32_USB_Device_Library/Core/Src/usbd_ioreq.o
                0x0800ae00                USBD_CtlContinueRx
 .text.USBD_CtlSendStatus
                0x0800ae24       0x26 ./Middlewares/ST/STM32_USB_Device_Library/Core/Src/usbd_ioreq.o
                0x0800ae24                USBD_CtlSendStatus
 .text.USBD_CtlReceiveStatus
                0x0800ae4a       0x26 ./Middlewares/ST/STM32_USB_Device_Library/Core/Src/usbd_ioreq.o
                0x0800ae4a                USBD_CtlReceiveStatus
 .text.MX_USB_DEVICE_Init
                0x0800ae70       0x60 ./USB_DEVICE/App/usb_device.o
                0x0800ae70                MX_USB_DEVICE_Init
 .text.CDC_Init_FS
                0x0800aed0       0x28 ./USB_DEVICE/App/usbd_cdc_if.o
 .text.CDC_DeInit_FS
                0x0800aef8       0x10 ./USB_DEVICE/App/usbd_cdc_if.o
 .text.CDC_Control_FS
                0x0800af08       0xbc ./USB_DEVICE/App/usbd_cdc_if.o
 .text.CDC_Receive_FS
                0x0800afc4       0x3c ./USB_DEVICE/App/usbd_cdc_if.o
 .text.CDC_Transmit_FS
                0x0800b000       0x4c ./USB_DEVICE/App/usbd_cdc_if.o
                0x0800b000                CDC_Transmit_FS
 .text.USBD_FS_DeviceDescriptor
                0x0800b04c       0x24 ./USB_DEVICE/App/usbd_desc.o
                0x0800b04c                USBD_FS_DeviceDescriptor
 .text.USBD_FS_LangIDStrDescriptor
                0x0800b070       0x24 ./USB_DEVICE/App/usbd_desc.o
                0x0800b070                USBD_FS_LangIDStrDescriptor
 .text.USBD_FS_ProductStrDescriptor
                0x0800b094       0x3c ./USB_DEVICE/App/usbd_desc.o
                0x0800b094                USBD_FS_ProductStrDescriptor
 .text.USBD_FS_ManufacturerStrDescriptor
                0x0800b0d0       0x28 ./USB_DEVICE/App/usbd_desc.o
                0x0800b0d0                USBD_FS_ManufacturerStrDescriptor
 .text.USBD_FS_SerialStrDescriptor
                0x0800b0f8       0x24 ./USB_DEVICE/App/usbd_desc.o
                0x0800b0f8                USBD_FS_SerialStrDescriptor
 .text.USBD_FS_ConfigStrDescriptor
                0x0800b11c       0x3c ./USB_DEVICE/App/usbd_desc.o
                0x0800b11c                USBD_FS_ConfigStrDescriptor
 .text.USBD_FS_InterfaceStrDescriptor
                0x0800b158       0x3c ./USB_DEVICE/App/usbd_desc.o
                0x0800b158                USBD_FS_InterfaceStrDescriptor
 .text.Get_SerialNum
                0x0800b194       0x58 ./USB_DEVICE/App/usbd_desc.o
 .text.IntToUnicode
                0x0800b1ec       0x7e ./USB_DEVICE/App/usbd_desc.o
 *fill*         0x0800b26a        0x2 
 .text.HAL_PCD_MspInit
                0x0800b26c       0x98 ./USB_DEVICE/Target/usbd_conf.o
                0x0800b26c                HAL_PCD_MspInit
 .text.HAL_PCD_SetupStageCallback
                0x0800b304       0x24 ./USB_DEVICE/Target/usbd_conf.o
                0x0800b304                HAL_PCD_SetupStageCallback
 .text.HAL_PCD_DataOutStageCallback
                0x0800b328       0x36 ./USB_DEVICE/Target/usbd_conf.o
                0x0800b328                HAL_PCD_DataOutStageCallback
 .text.HAL_PCD_DataInStageCallback
                0x0800b35e       0x34 ./USB_DEVICE/Target/usbd_conf.o
                0x0800b35e                HAL_PCD_DataInStageCallback
 .text.HAL_PCD_SOFCallback
                0x0800b392       0x1c ./USB_DEVICE/Target/usbd_conf.o
                0x0800b392                HAL_PCD_SOFCallback
 .text.HAL_PCD_ResetCallback
                0x0800b3ae       0x3c ./USB_DEVICE/Target/usbd_conf.o
                0x0800b3ae                HAL_PCD_ResetCallback
 *fill*         0x0800b3ea        0x2 
 .text.HAL_PCD_SuspendCallback
                0x0800b3ec       0x34 ./USB_DEVICE/Target/usbd_conf.o
                0x0800b3ec                HAL_PCD_SuspendCallback
 .text.HAL_PCD_ResumeCallback
                0x0800b420       0x1c ./USB_DEVICE/Target/usbd_conf.o
                0x0800b420                HAL_PCD_ResumeCallback
 .text.USBD_LL_Init
                0x0800b43c       0xb4 ./USB_DEVICE/Target/usbd_conf.o
                0x0800b43c                USBD_LL_Init
 .text.USBD_LL_Start
                0x0800b4f0       0x36 ./USB_DEVICE/Target/usbd_conf.o
                0x0800b4f0                USBD_LL_Start
 .text.USBD_LL_OpenEP
                0x0800b526       0x4c ./USB_DEVICE/Target/usbd_conf.o
                0x0800b526                USBD_LL_OpenEP
 .text.USBD_LL_CloseEP
                0x0800b572       0x3e ./USB_DEVICE/Target/usbd_conf.o
                0x0800b572                USBD_LL_CloseEP
 .text.USBD_LL_StallEP
                0x0800b5b0       0x3e ./USB_DEVICE/Target/usbd_conf.o
                0x0800b5b0                USBD_LL_StallEP
 .text.USBD_LL_ClearStallEP
                0x0800b5ee       0x3e ./USB_DEVICE/Target/usbd_conf.o
                0x0800b5ee                USBD_LL_ClearStallEP
 .text.USBD_LL_IsStallEP
                0x0800b62c       0x58 ./USB_DEVICE/Target/usbd_conf.o
                0x0800b62c                USBD_LL_IsStallEP
 .text.USBD_LL_SetUSBAddress
                0x0800b684       0x3e ./USB_DEVICE/Target/usbd_conf.o
                0x0800b684                USBD_LL_SetUSBAddress
 .text.USBD_LL_Transmit
                0x0800b6c2       0x46 ./USB_DEVICE/Target/usbd_conf.o
                0x0800b6c2                USBD_LL_Transmit
 .text.USBD_LL_PrepareReceive
                0x0800b708       0x46 ./USB_DEVICE/Target/usbd_conf.o
                0x0800b708                USBD_LL_PrepareReceive
 .text.USBD_LL_GetRxDataSize
                0x0800b74e       0x26 ./USB_DEVICE/Target/usbd_conf.o
                0x0800b74e                USBD_LL_GetRxDataSize
 .text.USBD_static_malloc
                0x0800b774       0x1c ./USB_DEVICE/Target/usbd_conf.o
                0x0800b774                USBD_static_malloc
 .text.USBD_static_free
                0x0800b790       0x14 ./USB_DEVICE/Target/usbd_conf.o
                0x0800b790                USBD_static_free
 .text.HAL_PCDEx_SetConnectionState
                0x0800b7a4       0x18 ./USB_DEVICE/Target/usbd_conf.o
                0x0800b7a4                HAL_PCDEx_SetConnectionState
 .text.USBD_Get_USB_Status
                0x0800b7bc       0x58 ./USB_DEVICE/Target/usbd_conf.o
 .text._strtoul_l.isra.0
                0x0800b814       0xdc C:/ST/STM32CubeIDE_2.0.0/STM32CubeIDE/plugins/com.st.stm32cube.ide.mcu.externaltools.gnu-tools-for-stm32.13.3.rel1.win32_1.0.100.202509120712/tools/bin/../lib/gcc/arm-none-eabi/13.3.1/../../../../arm-none-eabi/lib/thumb/v7e-m+fp/hard\libc_nano.a(libc_a-strtoul.o)
 .text.strtoul  0x0800b8f0       0x14 C:/ST/STM32CubeIDE_2.0.0/STM32CubeIDE/plugins/com.st.stm32cube.ide.mcu.externaltools.gnu-tools-for-stm32.13.3.rel1.win32_1.0.100.202509120712/tools/bin/../lib/gcc/arm-none-eabi/13.3.1/../../../../arm-none-eabi/lib/thumb/v7e-m+fp/hard\libc_nano.a(libc_a-strtoul.o)
                0x0800b8f0                strtoul
 .text.std      0x0800b904       0x6c C:/ST/STM32CubeIDE_2.0.0/STM32CubeIDE/plugins/com.st.stm32cube.ide.mcu.externaltools.gnu-tools-for-stm32.13.3.rel1.win32_1.0.100.202509120712/tools/bin/../lib/gcc/arm-none-eabi/13.3.1/../../../../arm-none-eabi/lib/thumb/v7e-m+fp/hard\libc_nano.a(libc_a-findfp.o)
 .text.stdio_exit_handler
                0x0800b970       0x18 C:/ST/STM32CubeIDE_2.0.0/STM32CubeIDE/plugins/com.st.stm32cube.ide.mcu.externaltools.gnu-tools-for-stm32.13.3.rel1.win32_1.0.100.202509120712/tools/bin/../lib/gcc/arm-none-eabi/13.3.1/../../../../arm-none-eabi/lib/thumb/v7e-m+fp/hard\libc_nano.a(libc_a-findfp.o)
 .text.cleanup_stdio
                0x0800b988       0x40 C:/ST/STM32CubeIDE_2.0.0/STM32CubeIDE/plugins/com.st.stm32cube.ide.mcu.externaltools.gnu-tools-for-stm32.13.3.rel1.win32_1.0.100.202509120712/tools/bin/../lib/gcc/arm-none-eabi/13.3.1/../../../../arm-none-eabi/lib/thumb/v7e-m+fp/hard\libc_nano.a(libc_a-findfp.o)
 .text.global_stdio_init.part.0
                0x0800b9c8       0x3c C:/ST/STM32CubeIDE_2.0.0/STM32CubeIDE/plugins/com.st.stm32cube.ide.mcu.externaltools.gnu-tools-for-stm32.13.3.rel1.win32_1.0.100.202509120712/tools/bin/../lib/gcc/arm-none-eabi/13.3.1/../../../../arm-none-eabi/lib/thumb/v7e-m+fp/hard\libc_nano.a(libc_a-findfp.o)
 .text.__sfp_lock_acquire
                0x0800ba04        0xc C:/ST/STM32CubeIDE_2.0.0/STM32CubeIDE/plugins/com.st.stm32cube.ide.mcu.externaltools.gnu-tools-for-stm32.13.3.rel1.win32_1.0.100.202509120712/tools/bin/../lib/gcc/arm-none-eabi/13.3.1/../../../../arm-none-eabi/lib/thumb/v7e-m+fp/hard\libc_nano.a(libc_a-findfp.o)
                0x0800ba04                __sfp_lock_acquire
 .text.__sfp_lock_release
                0x0800ba10        0xc C:/ST/STM32CubeIDE_2.0.0/STM32CubeIDE/plugins/com.st.stm32cube.ide.mcu.externaltools.gnu-tools-for-stm32.13.3.rel1.win32_1.0.100.202509120712/tools/bin/../lib/gcc/arm-none-eabi/13.3.1/../../../../arm-none-eabi/lib/thumb/v7e-m+fp/hard\libc_nano.a(libc_a-findfp.o)
                0x0800ba10                __sfp_lock_release
 .text.__sinit  0x0800ba1c       0x30 C:/ST/STM32CubeIDE_2.0.0/STM32CubeIDE/plugins/com.st.stm32cube.ide.mcu.externaltools.gnu-tools-for-stm32.13.3.rel1.win32_1.0.100.202509120712/tools/bin/../lib/gcc/arm-none-eabi/13.3.1/../../../../arm-none-eabi/lib/thumb/v7e-m+fp/hard\libc_nano.a(libc_a-findfp.o)
                0x0800ba1c                __sinit
 .text._fwalk_sglue
                0x0800ba4c       0x3c C:/ST/STM32CubeIDE_2.0.0/STM32CubeIDE/plugins/com.st.stm32cube.ide.mcu.externaltools.gnu-tools-for-stm32.13.3.rel1.win32_1.0.100.202509120712/tools/bin/../lib/gcc/arm-none-eabi/13.3.1/../../../../arm-none-eabi/lib/thumb/v7e-m+fp/hard\libc_nano.a(libc_a-fwalk.o)
                0x0800ba4c                _fwalk_sglue
 .text.snprintf
                0x0800ba88       0x6c C:/ST/STM32CubeIDE_2.0.0/STM32CubeIDE/plugins/com.st.stm32cube.ide.mcu.externaltools.gnu-tools-for-stm32.13.3.rel1.win32_1.0.100.202509120712/tools/bin/../lib/gcc/arm-none-eabi/13.3.1/../../../../arm-none-eabi/lib/thumb/v7e-m+fp/hard\libc_nano.a(libc_a-snprintf.o)
                0x0800ba88                sniprintf
                0x0800ba88                snprintf
 .text.__sread  0x0800baf4       0x22 C:/ST/STM32CubeIDE_2.0.0/STM32CubeIDE/plugins/com.st.stm32cube.ide.mcu.externaltools.gnu-tools-for-stm32.13.3.rel1.win32_1.0.100.202509120712/tools/bin/../lib/gcc/arm-none-eabi/13.3.1/../../../../arm-none-eabi/lib/thumb/v7e-m+fp/hard\libc_nano.a(libc_a-stdio.o)
                0x0800baf4                __sread
 .text.__swrite
                0x0800bb16       0x38 C:/ST/STM32CubeIDE_2.0.0/STM32CubeIDE/plugins/com.st.stm32cube.ide.mcu.externaltools.gnu-tools-for-stm32.13.3.rel1.win32_1.0.100.202509120712/tools/bin/../lib/gcc/arm-none-eabi/13.3.1/../../../../arm-none-eabi/lib/thumb/v7e-m+fp/hard\libc_nano.a(libc_a-stdio.o)
                0x0800bb16                __swrite
 .text.__sseek  0x0800bb4e       0x24 C:/ST/STM32CubeIDE_2.0.0/STM32CubeIDE/plugins/com.st.stm32cube.ide.mcu.externaltools.gnu-tools-for-stm32.13.3.rel1.win32_1.0.100.202509120712/tools/bin/../lib/gcc/arm-none-eabi/13.3.1/../../../../arm-none-eabi/lib/thumb/v7e-m+fp/hard\libc_nano.a(libc_a-stdio.o)
                0x0800bb4e                __sseek
 .text.__sclose
                0x0800bb72        0x8 C:/ST/STM32CubeIDE_2.0.0/STM32CubeIDE/plugins/com.st.stm32cube.ide.mcu.externaltools.gnu-tools-for-stm32.13.3.rel1.win32_1.0.100.202509120712/tools/bin/../lib/gcc/arm-none-eabi/13.3.1/../../../../arm-none-eabi/lib/thumb/v7e-m+fp/hard\libc_nano.a(libc_a-stdio.o)
                0x0800bb72                __sclose
 .text._vsnprintf_r
                0x0800bb7a       0x5c C:/ST/STM32CubeIDE_2.0.0/STM32CubeIDE/plugins/com.st.stm32cube.ide.mcu.externaltools.gnu-tools-for-stm32.13.3.rel1.win32_1.0.100.202509120712/tools/bin/../lib/gcc/arm-none-eabi/13.3.1/../../../../arm-none-eabi/lib/thumb/v7e-m+fp/hard\libc_nano.a(libc_a-vsnprintf.o)
                0x0800bb7a                _vsniprintf_r
                0x0800bb7a                _vsnprintf_r
 *fill*         0x0800bbd6        0x2 
 .text.vsnprintf
                0x0800bbd8       0x1c C:/ST/STM32CubeIDE_2.0.0/STM32CubeIDE/plugins/com.st.stm32cube.ide.mcu.externaltools.gnu-tools-for-stm32.13.3.rel1.win32_1.0.100.202509120712/tools/bin/../lib/gcc/arm-none-eabi/13.3.1/../../../../arm-none-eabi/lib/thumb/v7e-m+fp/hard\libc_nano.a(libc_a-vsnprintf.o)
                0x0800bbd8                vsniprintf
                0x0800bbd8                vsnprintf
 .text.memmove  0x0800bbf4       0x34 C:/ST/STM32CubeIDE_2.0.0/STM32CubeIDE/plugins/com.st.stm32cube.ide.mcu.externaltools.gnu-tools-for-stm32.13.3.rel1.win32_1.0.100.202509120712/tools/bin/../lib/gcc/arm-none-eabi/13.3.1/../../../../arm-none-eabi/lib/thumb/v7e-m+fp/hard\libc_nano.a(libc_a-memmove.o)
                0x0800bbf4                memmove
 .text.memset   0x0800bc28       0x10 C:/ST/STM32CubeIDE_2.0.0/STM32CubeIDE/plugins/com.st.stm32cube.ide.mcu.externaltools.gnu-tools-for-stm32.13.3.rel1.win32_1.0.100.202509120712/tools/bin/../lib/gcc/arm-none-eabi/13.3.1/../../../../arm-none-eabi/lib/thumb/v7e-m+fp/hard\libc_nano.a(libc_a-memset.o)
                0x0800bc28                memset
 .text.strncmp  0x0800bc38       0x24 C:/ST/STM32CubeIDE_2.0.0/STM32CubeIDE/plugins/com.st.stm32cube.ide.mcu.externaltools.gnu-tools-for-stm32.13.3.rel1.win32_1.0.100.202509120712/tools/bin/../lib/gcc/arm-none-eabi/13.3.1/../../../../arm-none-eabi/lib/thumb/v7e-m+fp/hard\libc_nano.a(libc_a-strncmp.o)
                0x0800bc38                strncmp
 .text.strtok   0x0800bc5c       0x68 C:/ST/STM32CubeIDE_2.0.0/STM32CubeIDE/plugins/com.st.stm32cube.ide.mcu.externaltools.gnu-tools-for-stm32.13.3.rel1.win32_1.0.100.202509120712/tools/bin/../lib/gcc/arm-none-eabi/13.3.1/../../../../arm-none-eabi/lib/thumb/v7e-m+fp/hard\libc_nano.a(libc_a-strtok.o)
                0x0800bc5c                strtok
 .text.__strtok_r
                0x0800bcc4       0x50 C:/ST/STM32CubeIDE_2.0.0/STM32CubeIDE/plugins/com.st.stm32cube.ide.mcu.externaltools.gnu-tools-for-stm32.13.3.rel1.win32_1.0.100.202509120712/tools/bin/../lib/gcc/arm-none-eabi/13.3.1/../../../../arm-none-eabi/lib/thumb/v7e-m+fp/hard\libc_nano.a(libc_a-strtok_r.o)
                0x0800bcc4                __strtok_r
 .text._close_r
                0x0800bd14       0x20 C:/ST/STM32CubeIDE_2.0.0/STM32CubeIDE/plugins/com.st.stm32cube.ide.mcu.externaltools.gnu-tools-for-stm32.13.3.rel1.win32_1.0.100.202509120712/tools/bin/../lib/gcc/arm-none-eabi/13.3.1/../../../../arm-none-eabi/lib/thumb/v7e-m+fp/hard\libc_nano.a(libc_a-closer.o)
                0x0800bd14                _close_r
 .text._lseek_r
                0x0800bd34       0x24 C:/ST/STM32CubeIDE_2.0.0/STM32CubeIDE/plugins/com.st.stm32cube.ide.mcu.externaltools.gnu-tools-for-stm32.13.3.rel1.win32_1.0.100.202509120712/tools/bin/../lib/gcc/arm-none-eabi/13.3.1/../../../../arm-none-eabi/lib/thumb/v7e-m+fp/hard\libc_nano.a(libc_a-lseekr.o)
                0x0800bd34                _lseek_r
 .text._read_r  0x0800bd58       0x24 C:/ST/STM32CubeIDE_2.0.0/STM32CubeIDE/plugins/com.st.stm32cube.ide.mcu.externaltools.gnu-tools-for-stm32.13.3.rel1.win32_1.0.100.202509120712/tools/bin/../lib/gcc/arm-none-eabi/13.3.1/../../../../arm-none-eabi/lib/thumb/v7e-m+fp/hard\libc_nano.a(libc_a-readr.o)
                0x0800bd58                _read_r
 .text._write_r
                0x0800bd7c       0x24 C:/ST/STM32CubeIDE_2.0.0/STM32CubeIDE/plugins/com.st.stm32cube.ide.mcu.externaltools.gnu-tools-for-stm32.13.3.rel1.win32_1.0.100.202509120712/tools/bin/../lib/gcc/arm-none-eabi/13.3.1/../../../../arm-none-eabi/lib/thumb/v7e-m+fp/hard\libc_nano.a(libc_a-writer.o)
                0x0800bd7c                _write_r
 .text.__errno  0x0800bda0        0xc C:/ST/STM32CubeIDE_2.0.0/STM32CubeIDE/plugins/com.st.stm32cube.ide.mcu.externaltools.gnu-tools-for-stm32.13.3.rel1.win32_1.0.100.202509120712/tools/bin/../lib/gcc/arm-none-eabi/13.3.1/../../../../arm-none-eabi/lib/thumb/v7e-m+fp/hard\libc_nano.a(libc_a-errno.o)
                0x0800bda0                __errno
 .text.__libc_init_array
                0x0800bdac       0x48 C:/ST/STM32CubeIDE_2.0.0/STM32CubeIDE/plugins/com.st.stm32cube.ide.mcu.externaltools.gnu-tools-for-stm32.13.3.rel1.win32_1.0.100.202509120712/tools/bin/../lib/gcc/arm-none-eabi/13.3.1/../../../../arm-none-eabi/lib/thumb/v7e-m+fp/hard\libc_nano.a(libc_a-init.o)
                0x0800bdac                __libc_init_array
 .text.__retarget_lock_init_recursive
                0x0800bdf4        0x2 C:/ST/STM32CubeIDE_2.0.0/STM32CubeIDE/plugins/com.st.stm32cube.ide.mcu.externaltools.gnu-tools-for-stm32.13.3.rel1.win32_1.0.100.202509120712/tools/bin/../lib/gcc/arm-none-eabi/13.3.1/../../../../arm-none-eabi/lib/thumb/v7e-m+fp/hard\libc_nano.a(libc_a-lock.o)
                0x0800bdf4                __retarget_lock_init_recursive
 .text.__retarget_lock_acquire_recursive
                0x0800bdf6        0x2 C:/ST/STM32CubeIDE_2.0.0/STM32CubeIDE/plugins/com.st.stm32cube.ide.mcu.externaltools.gnu-tools-for-stm32.13.3.rel1.win32_1.0.100.202509120712/tools/bin/../lib/gcc/arm-none-eabi/13.3.1/../../../../arm-none-eabi/lib/thumb/v7e-m+fp/hard\libc_nano.a(libc_a-lock.o)
                0x0800bdf6                __retarget_lock_acquire_recursive
 .text.__retarget_lock_release_recursive
                0x0800bdf8        0x2 C:/ST/STM32CubeIDE_2.0.0/STM32CubeIDE/plugins/com.st.stm32cube.ide.mcu.externaltools.gnu-tools-for-stm32.13.3.rel1.win32_1.0.100.202509120712/tools/bin/../lib/gcc/arm-none-eabi/13.3.1/../../../../arm-none-eabi/lib/thumb/v7e-m+fp/hard\libc_nano.a(libc_a-lock.o)
                0x0800bdf8                __retarget_lock_release_recursive
 .text.memcpy   0x0800bdfa       0x1c C:/ST/STM32CubeIDE_2.0.0/STM32CubeIDE/plugins/com.st.stm32cube.ide.mcu.externaltools.gnu-tools-for-stm32.13.3.rel1.win32_1.0.100.202509120712/tools/bin/../lib/gcc/arm-none-eabi/13.3.1/../../../../arm-none-eabi/lib/thumb/v7e-m+fp/hard\libc_nano.a(libc_a-memcpy-stub.o)
                0x0800bdfa                memcpy
 *fill*         0x0800be16        0x2 
 .text.__assert_func
                0x0800be18       0x3c C:/ST/STM32CubeIDE_2.0.0/STM32CubeIDE/plugins/com.st.stm32cube.ide.mcu.externaltools.gnu-tools-for-stm32.13.3.rel1.win32_1.0.100.202509120712/tools/bin/../lib/gcc/arm-none-eabi/13.3.1/../../../../arm-none-eabi/lib/thumb/v7e-m+fp/hard\libc_nano.a(libc_a-assert.o)
                0x0800be18                __assert_func
 .text._free_r  0x0800be54       0x94 C:/ST/STM32CubeIDE_2.0.0/STM32CubeIDE/plugins/com.st.stm32cube.ide.mcu.externaltools.gnu-tools-for-stm32.13.3.rel1.win32_1.0.100.202509120712/tools/bin/../lib/gcc/arm-none-eabi/13.3.1/../../../../arm-none-eabi/lib/thumb/v7e-m+fp/hard\libc_nano.a(libc_a-freer.o)
                0x0800be54                _free_r
 .text.malloc   0x0800bee8       0x10 C:/ST/STM32CubeIDE_2.0.0/STM32CubeIDE/plugins/com.st.stm32cube.ide.mcu.externaltools.gnu-tools-for-stm32.13.3.rel1.win32_1.0.100.202509120712/tools/bin/../lib/gcc/arm-none-eabi/13.3.1/../../../../arm-none-eabi/lib/thumb/v7e-m+fp/hard\libc_nano.a(libc_a-malloc.o)
                0x0800bee8                malloc
 .text.sbrk_aligned
                0x0800bef8       0x44 C:/ST/STM32CubeIDE_2.0.0/STM32CubeIDE/plugins/com.st.stm32cube.ide.mcu.externaltools.gnu-tools-for-stm32.13.3.rel1.win32_1.0.100.202509120712/tools/bin/../lib/gcc/arm-none-eabi/13.3.1/../../../../arm-none-eabi/lib/thumb/v7e-m+fp/hard\libc_nano.a(libc_a-mallocr.o)
 .text._malloc_r
                0x0800bf3c      0x100 C:/ST/STM32CubeIDE_2.0.0/STM32CubeIDE/plugins/com.st.stm32cube.ide.mcu.externaltools.gnu-tools-for-stm32.13.3.rel1.win32_1.0.100.202509120712/tools/bin/../lib/gcc/arm-none-eabi/13.3.1/../../../../arm-none-eabi/lib/thumb/v7e-m+fp/hard\libc_nano.a(libc_a-mallocr.o)
                0x0800bf3c                _malloc_r
 .text.__malloc_lock
                0x0800c03c        0xc C:/ST/STM32CubeIDE_2.0.0/STM32CubeIDE/plugins/com.st.stm32cube.ide.mcu.externaltools.gnu-tools-for-stm32.13.3.rel1.win32_1.0.100.202509120712/tools/bin/../lib/gcc/arm-none-eabi/13.3.1/../../../../arm-none-eabi/lib/thumb/v7e-m+fp/hard\libc_nano.a(libc_a-mlock.o)
                0x0800c03c                __malloc_lock
 .text.__malloc_unlock
                0x0800c048        0xc C:/ST/STM32CubeIDE_2.0.0/STM32CubeIDE/plugins/com.st.stm32cube.ide.mcu.externaltools.gnu-tools-for-stm32.13.3.rel1.win32_1.0.100.202509120712/tools/bin/../lib/gcc/arm-none-eabi/13.3.1/../../../../arm-none-eabi/lib/thumb/v7e-m+fp/hard\libc_nano.a(libc_a-mlock.o)
                0x0800c048                __malloc_unlock
 .text.__ssputs_r
                0x0800c054       0xb6 C:/ST/STM32CubeIDE_2.0.0/STM32CubeIDE/plugins/com.st.stm32cube.ide.mcu.externaltools.gnu-tools-for-stm32.13.3.rel1.win32_1.0.100.202509120712/tools/bin/../lib/gcc/arm-none-eabi/13.3.1/../../../../arm-none-eabi/lib/thumb/v7e-m+fp/hard\libc_nano.a(libc_a-nano-svfprintf.o)
                0x0800c054                __ssputs_r
 *fill*         0x0800c10a        0x2 
 .text._svfprintf_r
                0x0800c10c      0x1f8 C:/ST/STM32CubeIDE_2.0.0/STM32CubeIDE/plugins/com.st.stm32cube.ide.mcu.externaltools.gnu-tools-for-stm32.13.3.rel1.win32_1.0.100.202509120712/tools/bin/../lib/gcc/arm-none-eabi/13.3.1/../../../../arm-none-eabi/lib/thumb/v7e-m+fp/hard\libc_nano.a(libc_a-nano-svfprintf.o)
                0x0800c10c                _svfiprintf_r
                0x0800c10c                _svfprintf_r
 .text._printf_common
                0x0800c304       0xda C:/ST/STM32CubeIDE_2.0.0/STM32CubeIDE/plugins/com.st.stm32cube.ide.mcu.externaltools.gnu-tools-for-stm32.13.3.rel1.win32_1.0.100.202509120712/tools/bin/../lib/gcc/arm-none-eabi/13.3.1/../../../../arm-none-eabi/lib/thumb/v7e-m+fp/hard\libc_nano.a(libc_a-nano-vfprintf_i.o)
                0x0800c304                _printf_common
 *fill*         0x0800c3de        0x2 
 .text._printf_i
                0x0800c3e0      0x23c C:/ST/STM32CubeIDE_2.0.0/STM32CubeIDE/plugins/com.st.stm32cube.ide.mcu.externaltools.gnu-tools-for-stm32.13.3.rel1.win32_1.0.100.202509120712/tools/bin/../lib/gcc/arm-none-eabi/13.3.1/../../../../arm-none-eabi/lib/thumb/v7e-m+fp/hard\libc_nano.a(libc_a-nano-vfprintf_i.o)
                0x0800c3e0                _printf_i
 .text.__sflush_r
                0x0800c61c      0x108 C:/ST/STM32CubeIDE_2.0.0/STM32CubeIDE/plugins/com.st.stm32cube.ide.mcu.externaltools.gnu-tools-for-stm32.13.3.rel1.win32_1.0.100.202509120712/tools/bin/../lib/gcc/arm-none-eabi/13.3.1/../../../../arm-none-eabi/lib/thumb/v7e-m+fp/hard\libc_nano.a(libc_a-fflush.o)
                0x0800c61c                __sflush_r
 .text._fflush_r
                0x0800c724       0x50 C:/ST/STM32CubeIDE_2.0.0/STM32CubeIDE/plugins/com.st.stm32cube.ide.mcu.externaltools.gnu-tools-for-stm32.13.3.rel1.win32_1.0.100.202509120712/tools/bin/../lib/gcc/arm-none-eabi/13.3.1/../../../../arm-none-eabi/lib/thumb/v7e-m+fp/hard\libc_nano.a(libc_a-fflush.o)
                0x0800c724                _fflush_r
 .text.fprintf  0x0800c774       0x24 C:/ST/STM32CubeIDE_2.0.0/STM32CubeIDE/plugins/com.st.stm32cube.ide.mcu.externaltools.gnu-tools-for-stm32.13.3.rel1.win32_1.0.100.202509120712/tools/bin/../lib/gcc/arm-none-eabi/13.3.1/../../../../arm-none-eabi/lib/thumb/v7e-m+fp/hard\libc_nano.a(libc_a-fprintf.o)
                0x0800c774                fiprintf
                0x0800c774                fprintf
 .text._sbrk_r  0x0800c798       0x20 C:/ST/STM32CubeIDE_2.0.0/STM32CubeIDE/plugins/com.st.stm32cube.ide.mcu.externaltools.gnu-tools-for-stm32.13.3.rel1.win32_1.0.100.202509120712/tools/bin/../lib/gcc/arm-none-eabi/13.3.1/../../../../arm-none-eabi/lib/thumb/v7e-m+fp/hard\libc_nano.a(libc_a-sbrkr.o)
                0x0800c798                _sbrk_r
 .text.abort    0x0800c7b8        0xe C:/ST/STM32CubeIDE_2.0.0/STM32CubeIDE/plugins/com.st.stm32cube.ide.mcu.externaltools.gnu-tools-for-stm32.13.3.rel1.win32_1.0.100.202509120712/tools/bin/../lib/gcc/arm-none-eabi/13.3.1/../../../../arm-none-eabi/lib/thumb/v7e-m+fp/hard\libc_nano.a(libc_a-abort.o)
                0x0800c7b8                abort
 .text._realloc_r
                0x0800c7c6       0x5c C:/ST/STM32CubeIDE_2.0.0/STM32CubeIDE/plugins/com.st.stm32cube.ide.mcu.externaltools.gnu-tools-for-stm32.13.3.rel1.win32_1.0.100.202509120712/tools/bin/../lib/gcc/arm-none-eabi/13.3.1/../../../../arm-none-eabi/lib/thumb/v7e-m+fp/hard\libc_nano.a(libc_a-reallocr.o)
                0x0800c7c6                _realloc_r
 .text.__sfputc_r
                0x0800c822       0x2e C:/ST/STM32CubeIDE_2.0.0/STM32CubeIDE/plugins/com.st.stm32cube.ide.mcu.externaltools.gnu-tools-for-stm32.13.3.rel1.win32_1.0.100.202509120712/tools/bin/../lib/gcc/arm-none-eabi/13.3.1/../../../../arm-none-eabi/lib/thumb/v7e-m+fp/hard\libc_nano.a(libc_a-nano-vfprintf.o)
 .text.__sfputs_r
                0x0800c850       0x24 C:/ST/STM32CubeIDE_2.0.0/STM32CubeIDE/plugins/com.st.stm32cube.ide.mcu.externaltools.gnu-tools-for-stm32.13.3.rel1.win32_1.0.100.202509120712/tools/bin/../lib/gcc/arm-none-eabi/13.3.1/../../../../arm-none-eabi/lib/thumb/v7e-m+fp/hard\libc_nano.a(libc_a-nano-vfprintf.o)
                0x0800c850                __sfputs_r
 .text._vfprintf_r
                0x0800c874      0x230 C:/ST/STM32CubeIDE_2.0.0/STM32CubeIDE/plugins/com.st.stm32cube.ide.mcu.externaltools.gnu-tools-for-stm32.13.3.rel1.win32_1.0.100.202509120712/tools/bin/../lib/gcc/arm-none-eabi/13.3.1/../../../../arm-none-eabi/lib/thumb/v7e-m+fp/hard\libc_nano.a(libc_a-nano-vfprintf.o)
                0x0800c874                _vfprintf_r
                0x0800c874                _vfiprintf_r
 .text.__swbuf_r
                0x0800caa4       0x7c C:/ST/STM32CubeIDE_2.0.0/STM32CubeIDE/plugins/com.st.stm32cube.ide.mcu.externaltools.gnu-tools-for-stm32.13.3.rel1.win32_1.0.100.202509120712/tools/bin/../lib/gcc/arm-none-eabi/13.3.1/../../../../arm-none-eabi/lib/thumb/v7e-m+fp/hard\libc_nano.a(libc_a-wbuf.o)
                0x0800caa4                __swbuf_r
 .text.__swsetup_r
                0x0800cb20       0xac C:/ST/STM32CubeIDE_2.0.0/STM32CubeIDE/plugins/com.st.stm32cube.ide.mcu.externaltools.gnu-tools-for-stm32.13.3.rel1.win32_1.0.100.202509120712/tools/bin/../lib/gcc/arm-none-eabi/13.3.1/../../../../arm-none-eabi/lib/thumb/v7e-m+fp/hard\libc_nano.a(libc_a-wsetup.o)
                0x0800cb20                __swsetup_r
 .text._raise_r
                0x0800cbcc       0x50 C:/ST/STM32CubeIDE_2.0.0/STM32CubeIDE/plugins/com.st.stm32cube.ide.mcu.externaltools.gnu-tools-for-stm32.13.3.rel1.win32_1.0.100.202509120712/tools/bin/../lib/gcc/arm-none-eabi/13.3.1/../../../../arm-none-eabi/lib/thumb/v7e-m+fp/hard\libc_nano.a(libc_a-signal.o)
                0x0800cbcc                _raise_r
 .text.raise    0x0800cc1c       0x10 C:/ST/STM32CubeIDE_2.0.0/STM32CubeIDE/plugins/com.st.stm32cube.ide.mcu.externaltools.gnu-tools-for-stm32.13.3.rel1.win32_1.0.100.202509120712/tools/bin/../lib/gcc/arm-none-eabi/13.3.1/../../../../arm-none-eabi/lib/thumb/v7e-m+fp/hard\libc_nano.a(libc_a-signal.o)
                0x0800cc1c                raise
 .text._kill_r  0x0800cc2c       0x24 C:/ST/STM32CubeIDE_2.0.0/STM32CubeIDE/plugins/com.st.stm32cube.ide.mcu.externaltools.gnu-tools-for-stm32.13.3.rel1.win32_1.0.100.202509120712/tools/bin/../lib/gcc/arm-none-eabi/13.3.1/../../../../arm-none-eabi/lib/thumb/v7e-m+fp/hard\libc_nano.a(libc_a-signalr.o)
                0x0800cc2c                _kill_r
 .text._getpid_r
                0x0800cc50        0x4 C:/ST/STM32CubeIDE_2.0.0/STM32CubeIDE/plugins/com.st.stm32cube.ide.mcu.externaltools.gnu-tools-for-stm32.13.3.rel1.win32_1.0.100.202509120712/tools/bin/../lib/gcc/arm-none-eabi/13.3.1/../../../../arm-none-eabi/lib/thumb/v7e-m+fp/hard\libc_nano.a(libc_a-signalr.o)
                0x0800cc50                _getpid_r
 .text._malloc_usable_size_r
                0x0800cc54       0x10 C:/ST/STM32CubeIDE_2.0.0/STM32CubeIDE/plugins/com.st.stm32cube.ide.mcu.externaltools.gnu-tools-for-stm32.13.3.rel1.win32_1.0.100.202509120712/tools/bin/../lib/gcc/arm-none-eabi/13.3.1/../../../../arm-none-eabi/lib/thumb/v7e-m+fp/hard\libc_nano.a(libc_a-msizer.o)
                0x0800cc54                _malloc_usable_size_r
 .text.__swhatbuf_r
                0x0800cc64       0x4c C:/ST/STM32CubeIDE_2.0.0/STM32CubeIDE/plugins/com.st.stm32cube.ide.mcu.externaltools.gnu-tools-for-stm32.13.3.rel1.win32_1.0.100.202509120712/tools/bin/../lib/gcc/arm-none-eabi/13.3.1/../../../../arm-none-eabi/lib/thumb/v7e-m+fp/hard\libc_nano.a(libc_a-makebuf.o)
                0x0800cc64                __swhatbuf_r
 .text.__smakebuf_r
                0x0800ccb0       0x78 C:/ST/STM32CubeIDE_2.0.0/STM32CubeIDE/plugins/com.st.stm32cube.ide.mcu.externaltools.gnu-tools-for-stm32.13.3.rel1.win32_1.0.100.202509120712/tools/bin/../lib/gcc/arm-none-eabi/13.3.1/../../../../arm-none-eabi/lib/thumb/v7e-m+fp/hard\libc_nano.a(libc_a-makebuf.o)
                0x0800ccb0                __smakebuf_r
 .text._fstat_r
                0x0800cd28       0x24 C:/ST/STM32CubeIDE_2.0.0/STM32CubeIDE/plugins/com.st.stm32cube.ide.mcu.externaltools.gnu-tools-for-stm32.13.3.rel1.win32_1.0.100.202509120712/tools/bin/../lib/gcc/arm-none-eabi/13.3.1/../../../../arm-none-eabi/lib/thumb/v7e-m+fp/hard\libc_nano.a(libc_a-fstatr.o)
                0x0800cd28                _fstat_r
 .text._isatty_r
                0x0800cd4c       0x20 C:/ST/STM32CubeIDE_2.0.0/STM32CubeIDE/plugins/com.st.stm32cube.ide.mcu.externaltools.gnu-tools-for-stm32.13.3.rel1.win32_1.0.100.202509120712/tools/bin/../lib/gcc/arm-none-eabi/13.3.1/../../../../arm-none-eabi/lib/thumb/v7e-m+fp/hard\libc_nano.a(libc_a-isattyr.o)
                0x0800cd4c                _isatty_r
 *(.glue_7)
 .glue_7        0x0800cd6c        0x0 linker stubs
 *(.glue_7t)
 .glue_7t       0x0800cd6c        0x0 linker stubs
 *(.eh_frame)
 .eh_frame      0x0800cd6c        0x0 C:/ST/STM32CubeIDE_2.0.0/STM32CubeIDE/plugins/com.st.stm32cube.ide.mcu.externaltools.gnu-tools-for-stm32.13.3.rel1.win32_1.0.100.202509120712/tools/bin/../lib/gcc/arm-none-eabi/13.3.1/thumb/v7e-m+fp/hard/crtbegin.o
 *(.init)
 .init          0x0800cd6c        0x4 C:/ST/STM32CubeIDE_2.0.0/STM32CubeIDE/plugins/com.st.stm32cube.ide.mcu.externaltools.gnu-tools-for-stm32.13.3.rel1.win32_1.0.100.202509120712/tools/bin/../lib/gcc/arm-none-eabi/13.3.1/thumb/v7e-m+fp/hard/crti.o
                0x0800cd6c                _init
 .init          0x0800cd70        0x8 C:/ST/STM32CubeIDE_2.0.0/STM32CubeIDE/plugins/com.st.stm32cube.ide.mcu.externaltools.gnu-tools-for-stm32.13.3.rel1.win32_1.0.100.202509120712/tools/bin/../lib/gcc/arm-none-eabi/13.3.1/thumb/v7e-m+fp/hard/crtn.o
 *(.fini)
 .fini          0x0800cd78        0x4 C:/ST/STM32CubeIDE_2.0.0/STM32CubeIDE/plugins/com.st.stm32cube.ide.mcu.externaltools.gnu-tools-for-stm32.13.3.rel1.win32_1.0.100.202509120712/tools/bin/../lib/gcc/arm-none-eabi/13.3.1/thumb/v7e-m+fp/hard/crti.o
                0x0800cd78                _fini
 .fini          0x0800cd7c        0x8 C:/ST/STM32CubeIDE_2.0.0/STM32CubeIDE/plugins/com.st.stm32cube.ide.mcu.externaltools.gnu-tools-for-stm32.13.3.rel1.win32_1.0.100.202509120712/tools/bin/../lib/gcc/arm-none-eabi/13.3.1/thumb/v7e-m+fp/hard/crtn.o
                0x0800cd84                        . = ALIGN (0x4)
                0x0800cd84                        _etext = .

.vfp11_veneer   0x0800cd84        0x0
 .vfp11_veneer  0x0800cd84        0x0 linker stubs

.v4_bx          0x0800cd84        0x0
 .v4_bx         0x0800cd84        0x0 linker stubs

.iplt           0x0800cd84        0x0
 .iplt          0x0800cd84        0x0 C:/ST/STM32CubeIDE_2.0.0/STM32CubeIDE/plugins/com.st.stm32cube.ide.mcu.externaltools.gnu-tools-for-stm32.13.3.rel1.win32_1.0.100.202509120712/tools/bin/../lib/gcc/arm-none-eabi/13.3.1/thumb/v7e-m+fp/hard/crtbegin.o

.rodata         0x0800cd84      0x594
                0x0800cd84                        . = ALIGN (0x4)
 *(.rodata)
 .rodata        0x0800cd84      0x31c ./Hardware_drivers/Src/receiver.o
 .rodata        0x0800d0a0       0x46 ./USB_DEVICE/App/usbd_desc.o
 *(.rodata*)
 *fill*         0x0800d0e6        0x2 
 .rodata.AHBPrescTable
                0x0800d0e8       0x10 ./Core/Src/system_stm32f3xx.o
                0x0800d0e8                AHBPrescTable
 .rodata.APBPrescTable
                0x0800d0f8        0x8 ./Core/Src/system_stm32f3xx.o
                0x0800d0f8                APBPrescTable
 .rodata.aPLLMULFactorTable
                0x0800d100       0x10 ./Drivers/STM32F3xx_HAL_Driver/Src/stm32f3xx_hal_rcc.o
 .rodata.aPredivFactorTable
                0x0800d110       0x10 ./Drivers/STM32F3xx_HAL_Driver/Src/stm32f3xx_hal_rcc.o
 .rodata.dflt_app_params
                0x0800d120       0x14 ./Logic/Src/app.o
                0x0800d120                dflt_app_params
 .rodata._ctype_
                0x0800d134      0x101 C:/ST/STM32CubeIDE_2.0.0/STM32CubeIDE/plugins/com.st.stm32cube.ide.mcu.externaltools.gnu-tools-for-stm32.13.3.rel1.win32_1.0.100.202509120712/tools/bin/../lib/gcc/arm-none-eabi/13.3.1/../../../../arm-none-eabi/lib/thumb/v7e-m+fp/hard\libc_nano.a(libc_a-ctype_.o)
                0x0800d134                _ctype_
 .rodata.strtok.str1.1
                0x0800d235       0xe0 C:/ST/STM32CubeIDE_2.0.0/STM32CubeIDE/plugins/com.st.stm32cube.ide.mcu.externaltools.gnu-tools-for-stm32.13.3.rel1.win32_1.0.100.202509120712/tools/bin/../lib/gcc/arm-none-eabi/13.3.1/../../../../arm-none-eabi/lib/thumb/v7e-m+fp/hard\libc_nano.a(libc_a-strtok.o)
                                 0x71 (size before relaxing)
 .rodata.__assert_func.str1.1
                0x0800d315        0x0 C:/ST/STM32CubeIDE_2.0.0/STM32CubeIDE/plugins/com.st.stm32cube.ide.mcu.externaltools.gnu-tools-for-stm32.13.3.rel1.win32_1.0.100.202509120712/tools/bin/../lib/gcc/arm-none-eabi/13.3.1/../../../../arm-none-eabi/lib/thumb/v7e-m+fp/hard\libc_nano.a(libc_a-assert.o)
                                 0x3d (size before relaxing)
 .rodata._svfprintf_r.str1.1
                0x0800d315        0x0 C:/ST/STM32CubeIDE_2.0.0/STM32CubeIDE/plugins/com.st.stm32cube.ide.mcu.externaltools.gnu-tools-for-stm32.13.3.rel1.win32_1.0.100.202509120712/tools/bin/../lib/gcc/arm-none-eabi/13.3.1/../../../../arm-none-eabi/lib/thumb/v7e-m+fp/hard\libc_nano.a(libc_a-nano-svfprintf.o)
                                 0x11 (size before relaxing)
 .rodata._printf_i.str1.1
                0x0800d315        0x0 C:/ST/STM32CubeIDE_2.0.0/STM32CubeIDE/plugins/com.st.stm32cube.ide.mcu.externaltools.gnu-tools-for-stm32.13.3.rel1.win32_1.0.100.202509120712/tools/bin/../lib/gcc/arm-none-eabi/13.3.1/../../../../arm-none-eabi/lib/thumb/v7e-m+fp/hard\libc_nano.a(libc_a-nano-vfprintf_i.o)
                                 0x22 (size before relaxing)
 .rodata._vfprintf_r.str1.1
                0x0800d315        0x0 C:/ST/STM32CubeIDE_2.0.0/STM32CubeIDE/plugins/com.st.stm32cube.ide.mcu.externaltools.gnu-tools-for-stm32.13.3.rel1.win32_1.0.100.202509120712/tools/bin/../lib/gcc/arm-none-eabi/13.3.1/../../../../arm-none-eabi/lib/thumb/v7e-m+fp/hard\libc_nano.a(libc_a-nano-vfprintf.o)
                                 0x11 (size before relaxing)
                0x0800d318                        . = ALIGN (0x4)
 *fill*         0x0800d315        0x3 

.ARM.extab      0x0800d318        0x0
                0x0800d318                        . = ALIGN (0x4)
 *(.ARM.extab* .gnu.linkonce.armextab.*)
                0x0800d318                        . = ALIGN (0x4)

.ARM            0x0800d318        0x8
                0x0800d318                        . = ALIGN (0x4)
                0x0800d318                        __exidx_start = .
 *(.ARM.exidx*)
 .ARM.exidx     0x0800d318        0x8 C:/ST/STM32CubeIDE_2.0.0/STM32CubeIDE/plugins/com.st.stm32cube.ide.mcu.externaltools.gnu-tools-for-stm32.13.3.rel1.win32_1.0.100.202509120712/tools/bin/../lib/gcc/arm-none-eabi/13.3.1/../../../../arm-none-eabi/lib/thumb/v7e-m+fp/hard\libc_nano.a(libc_a-strcmp.o)
 .ARM.exidx     0x0800d320        0x0 C:/ST/STM32CubeIDE_2.0.0/STM32CubeIDE/plugins/com.st.stm32cube.ide.mcu.externaltools.gnu-tools-for-stm32.13.3.rel1.win32_1.0.100.202509120712/tools/bin/../lib/gcc/arm-none-eabi/13.3.1/../../../../arm-none-eabi/lib/thumb/v7e-m+fp/hard\libc_nano.a(libc_a-strlen.o)
                                  0x8 (size before relaxing)
 .ARM.exidx     0x0800d320        0x0 C:/ST/STM32CubeIDE_2.0.0/STM32CubeIDE/plugins/com.st.stm32cube.ide.mcu.externaltools.gnu-tools-for-stm32.13.3.rel1.win32_1.0.100.202509120712/tools/bin/../lib/gcc/arm-none-eabi/13.3.1/../../../../arm-none-eabi/lib/thumb/v7e-m+fp/hard\libc_nano.a(libc_a-memchr.o)
                                  0x8 (size before relaxing)
 .ARM.exidx     0x0800d320        0x0 C:/ST/STM32CubeIDE_2.0.0/STM32CubeIDE/plugins/com.st.stm32cube.ide.mcu.externaltools.gnu-tools-for-stm32.13.3.rel1.win32_1.0.100.202509120712/tools/bin/../lib/gcc/arm-none-eabi/13.3.1/thumb/v7e-m+fp/hard\libgcc.a(_udivmoddi4.o)
                                  0x8 (size before relaxing)
                0x0800d320                        __exidx_end = .
                0x0800d320                        . = ALIGN (0x4)

.preinit_array  0x0800d320        0x0
                0x0800d320                        . = ALIGN (0x4)
                0x0800d320                        PROVIDE (__preinit_array_start = .)
 *(.preinit_array*)
                0x0800d320                        PROVIDE (__preinit_array_end = .)
                0x0800d320                        . = ALIGN (0x4)

.init_array     0x0800d320        0x4
                0x0800d320                        . = ALIGN (0x4)
                0x0800d320                        PROVIDE (__init_array_start = .)
 *(SORT_BY_NAME(.init_array.*))
 *(.init_array*)
 .init_array    0x0800d320        0x4 C:/ST/STM32CubeIDE_2.0.0/STM32CubeIDE/plugins/com.st.stm32cube.ide.mcu.externaltools.gnu-tools-for-stm32.13.3.rel1.win32_1.0.100.202509120712/tools/bin/../lib/gcc/arm-none-eabi/13.3.1/thumb/v7e-m+fp/hard/crtbegin.o
                0x0800d324                        PROVIDE (__init_array_end = .)
                0x0800d324                        . = ALIGN (0x4)

.fini_array     0x0800d324        0x4
                0x0800d324                        . = ALIGN (0x4)
                [!provide]                        PROVIDE (__fini_array_start = .)
 *(SORT_BY_NAME(.fini_array.*))
 *(.fini_array*)
 .fini_array    0x0800d324        0x4 C:/ST/STM32CubeIDE_2.0.0/STM32CubeIDE/plugins/com.st.stm32cube.ide.mcu.externaltools.gnu-tools-for-stm32.13.3.rel1.win32_1.0.100.202509120712/tools/bin/../lib/gcc/arm-none-eabi/13.3.1/thumb/v7e-m+fp/hard/crtbegin.o
                [!provide]                        PROVIDE (__fini_array_end = .)
                0x0800d328                        . = ALIGN (0x4)
                0x0800d328                        _sidata = LOADADDR (.data)

.rel.dyn        0x0800d328        0x0
 .rel.iplt      0x0800d328        0x0 C:/ST/STM32CubeIDE_2.0.0/STM32CubeIDE/plugins/com.st.stm32cube.ide.mcu.externaltools.gnu-tools-for-stm32.13.3.rel1.win32_1.0.100.202509120712/tools/bin/../lib/gcc/arm-none-eabi/13.3.1/thumb/v7e-m+fp/hard/crtbegin.o

.data           0x20000000      0x1e4 load address 0x0800d328
                0x20000000                        . = ALIGN (0x4)
                0x20000000                        _sdata = .
 *(.data)
 *(.data*)
 .data.SystemCoreClock
                0x20000000        0x4 ./Core/Src/system_stm32f3xx.o
                0x20000000                SystemCoreClock
 .data.uwTickPrio
                0x20000004        0x4 ./Drivers/STM32F3xx_HAL_Driver/Src/stm32f3xx_hal.o
                0x20000004                uwTickPrio
 .data.uwTickFreq
                0x20000008        0x1 ./Drivers/STM32F3xx_HAL_Driver/Src/stm32f3xx_hal.o
                0x20000008                uwTickFreq
 *fill*         0x20000009        0x3 
 .data.motor_data
                0x2000000c        0xc ./Hardware_drivers/Src/tb6560.o
                0x2000000c                motor_data
 .data.USBD_CDC_DeviceQualifierDesc
                0x20000018        0xa ./Middlewares/ST/STM32_USB_Device_Library/Class/CDC/Src/usbd_cdc.o
 *fill*         0x20000022        0x2 
 .data.USBD_CDC
                0x20000024       0x38 ./Middlewares/ST/STM32_USB_Device_Library/Class/CDC/Src/usbd_cdc.o
                0x20000024                USBD_CDC
 .data.USBD_CDC_CfgHSDesc
                0x2000005c       0x43 ./Middlewares/ST/STM32_USB_Device_Library/Class/CDC/Src/usbd_cdc.o
                0x2000005c                USBD_CDC_CfgHSDesc
 *fill*         0x2000009f        0x1 
 .data.USBD_CDC_CfgFSDesc
                0x200000a0       0x43 ./Middlewares/ST/STM32_USB_Device_Library/Class/CDC/Src/usbd_cdc.o
                0x200000a0                USBD_CDC_CfgFSDesc
 *fill*         0x200000e3        0x1 
 .data.USBD_CDC_OtherSpeedCfgDesc
                0x200000e4       0x43 ./Middlewares/ST/STM32_USB_Device_Library/Class/CDC/Src/usbd_cdc.o
                0x200000e4                USBD_CDC_OtherSpeedCfgDesc
 *fill*         0x20000127        0x1 
 .data.USBD_Interface_fops_FS
                0x20000128       0x10 ./USB_DEVICE/App/usbd_cdc_if.o
                0x20000128                USBD_Interface_fops_FS
 .data.FS_Desc  0x20000138       0x1c ./USB_DEVICE/App/usbd_desc.o
                0x20000138                FS_Desc
 .data.USBD_FS_DeviceDesc
                0x20000154       0x12 ./USB_DEVICE/App/usbd_desc.o
                0x20000154                USBD_FS_DeviceDesc
 *fill*         0x20000166        0x2 
 .data.USBD_LangIDDesc
                0x20000168        0x4 ./USB_DEVICE/App/usbd_desc.o
                0x20000168                USBD_LangIDDesc
 .data.USBD_StringSerial
                0x2000016c       0x1a ./USB_DEVICE/App/usbd_desc.o
                0x2000016c                USBD_StringSerial
 *fill*         0x20000186        0x2 
 .data.__sglue  0x20000188        0xc C:/ST/STM32CubeIDE_2.0.0/STM32CubeIDE/plugins/com.st.stm32cube.ide.mcu.externaltools.gnu-tools-for-stm32.13.3.rel1.win32_1.0.100.202509120712/tools/bin/../lib/gcc/arm-none-eabi/13.3.1/../../../../arm-none-eabi/lib/thumb/v7e-m+fp/hard\libc_nano.a(libc_a-findfp.o)
                0x20000188                __sglue
 .data._impure_ptr
                0x20000194        0x4 C:/ST/STM32CubeIDE_2.0.0/STM32CubeIDE/plugins/com.st.stm32cube.ide.mcu.externaltools.gnu-tools-for-stm32.13.3.rel1.win32_1.0.100.202509120712/tools/bin/../lib/gcc/arm-none-eabi/13.3.1/../../../../arm-none-eabi/lib/thumb/v7e-m+fp/hard\libc_nano.a(libc_a-impure.o)
                0x20000194                _impure_ptr
 .data._impure_data
                0x20000198       0x4c C:/ST/STM32CubeIDE_2.0.0/STM32CubeIDE/plugins/com.st.stm32cube.ide.mcu.externaltools.gnu-tools-for-stm32.13.3.rel1.win32_1.0.100.202509120712/tools/bin/../lib/gcc/arm-none-eabi/13.3.1/../../../../arm-none-eabi/lib/thumb/v7e-m+fp/hard\libc_nano.a(libc_a-impure.o)
                0x20000198                _impure_data
 *(.RamFunc)
 *(.RamFunc*)
                0x200001e4                        . = ALIGN (0x4)
                0x200001e4                        _edata = .

.igot.plt       0x200001e4        0x0 load address 0x0800d50c
 .igot.plt      0x200001e4        0x0 C:/ST/STM32CubeIDE_2.0.0/STM32CubeIDE/plugins/com.st.stm32cube.ide.mcu.externaltools.gnu-tools-for-stm32.13.3.rel1.win32_1.0.100.202509120712/tools/bin/../lib/gcc/arm-none-eabi/13.3.1/thumb/v7e-m+fp/hard/crtbegin.o
                0x200001e4                        . = ALIGN (0x4)

.bss            0x200001e4     0x1524 load address 0x0800d50c
                0x200001e4                        _sbss = .
                0x200001e4                        __bss_start__ = _sbss
 *(.bss)
 .bss           0x200001e4       0x1c C:/ST/STM32CubeIDE_2.0.0/STM32CubeIDE/plugins/com.st.stm32cube.ide.mcu.externaltools.gnu-tools-for-stm32.13.3.rel1.win32_1.0.100.202509120712/tools/bin/../lib/gcc/arm-none-eabi/13.3.1/thumb/v7e-m+fp/hard/crtbegin.o
 *(.bss*)
 .bss.hcrc      0x20000200       0x24 ./Core/Src/main.o
                0x20000200                hcrc
 .bss.htim2     0x20000224       0x4c ./Core/Src/main.o
                0x20000224                htim2
 .bss.htim17    0x20000270       0x4c ./Core/Src/main.o
                0x20000270                htim17
 .bss.huart1    0x200002bc       0x88 ./Core/Src/main.o
                0x200002bc                huart1
 .bss.__sbrk_heap_end
                0x20000344        0x4 ./Core/Src/sysmem.o
 .bss.uwTick    0x20000348        0x4 ./Drivers/STM32F3xx_HAL_Driver/Src/stm32f3xx_hal.o
                0x20000348                uwTick
 .bss.s_min     0x2000034c        0xc ./Hardware_drivers/Src/limits.o
 .bss.s_max     0x20000358        0xc ./Hardware_drivers/Src/limits.o
 .bss.s_line_rx
                0x20000364       0x80 ./Hardware_drivers/Src/receiver.o
 .bss.s_line_len
                0x200003e4        0x4 ./Hardware_drivers/Src/receiver.o
 .bss.s_htim    0x200003e8        0x4 ./Hardware_drivers/Src/tb6560.o
 .bss.app       0x200003ec       0x14 ./Logic/Src/app.o
                0x200003ec                app
 .bss.cfgidx.0  0x20000400        0x1 ./Middlewares/ST/STM32_USB_Device_Library/Core/Src/usbd_ctlreq.o
 *fill*         0x20000401        0x3 
 .bss.hUsbDeviceFS
                0x20000404      0x2c4 ./USB_DEVICE/App/usb_device.o
                0x20000404                hUsbDeviceFS
 .bss.UserRxBufferFS
                0x200006c8      0x400 ./USB_DEVICE/App/usbd_cdc_if.o
                0x200006c8                UserRxBufferFS
 .bss.UserTxBufferFS
                0x20000ac8      0x400 ./USB_DEVICE/App/usbd_cdc_if.o
                0x20000ac8                UserTxBufferFS
 .bss.USBD_StrDesc
                0x20000ec8      0x200 ./USB_DEVICE/App/usbd_desc.o
                0x20000ec8                USBD_StrDesc
 .bss.hpcd_USB_FS
                0x200010c8      0x2d4 ./USB_DEVICE/Target/usbd_conf.o
                0x200010c8                hpcd_USB_FS
 .bss.mem.0     0x2000139c      0x220 ./USB_DEVICE/Target/usbd_conf.o
 .bss.__sf      0x200015bc      0x138 C:/ST/STM32CubeIDE_2.0.0/STM32CubeIDE/plugins/com.st.stm32cube.ide.mcu.externaltools.gnu-tools-for-stm32.13.3.rel1.win32_1.0.100.202509120712/tools/bin/../lib/gcc/arm-none-eabi/13.3.1/../../../../arm-none-eabi/lib/thumb/v7e-m+fp/hard\libc_nano.a(libc_a-findfp.o)
                0x200015bc                __sf
 .bss.__stdio_exit_handler
                0x200016f4        0x4 C:/ST/STM32CubeIDE_2.0.0/STM32CubeIDE/plugins/com.st.stm32cube.ide.mcu.externaltools.gnu-tools-for-stm32.13.3.rel1.win32_1.0.100.202509120712/tools/bin/../lib/gcc/arm-none-eabi/13.3.1/../../../../arm-none-eabi/lib/thumb/v7e-m+fp/hard\libc_nano.a(libc_a-findfp.o)
                0x200016f4                __stdio_exit_handler
 .bss.errno     0x200016f8        0x4 C:/ST/STM32CubeIDE_2.0.0/STM32CubeIDE/plugins/com.st.stm32cube.ide.mcu.externaltools.gnu-tools-for-stm32.13.3.rel1.win32_1.0.100.202509120712/tools/bin/../lib/gcc/arm-none-eabi/13.3.1/../../../../arm-none-eabi/lib/thumb/v7e-m+fp/hard\libc_nano.a(libc_a-reent.o)
                0x200016f8                errno
 .bss.__lock___malloc_recursive_mutex
                0x200016fc        0x1 C:/ST/STM32CubeIDE_2.0.0/STM32CubeIDE/plugins/com.st.stm32cube.ide.mcu.externaltools.gnu-tools-for-stm32.13.3.rel1.win32_1.0.100.202509120712/tools/bin/../lib/gcc/arm-none-eabi/13.3.1/../../../../arm-none-eabi/lib/thumb/v7e-m+fp/hard\libc_nano.a(libc_a-lock.o)
                0x200016fc                __lock___malloc_recursive_mutex
 .bss.__lock___sfp_recursive_mutex
                0x200016fd        0x1 C:/ST/STM32CubeIDE_2.0.0/STM32CubeIDE/plugins/com.st.stm32cube.ide.mcu.externaltools.gnu-tools-for-stm32.13.3.rel1.win32_1.0.100.202509120712/tools/bin/../lib/gcc/arm-none-eabi/13.3.1/../../../../arm-none-eabi/lib/thumb/v7e-m+fp/hard\libc_nano.a(libc_a-lock.o)
                0x200016fd                __lock___sfp_recursive_mutex
 *fill*         0x200016fe        0x2 
 .bss.__malloc_sbrk_start
                0x20001700        0x4 C:/ST/STM32CubeIDE_2.0.0/STM32CubeIDE/plugins/com.st.stm32cube.ide.mcu.externaltools.gnu-tools-for-stm32.13.3.rel1.win32_1.0.100.202509120712/tools/bin/../lib/gcc/arm-none-eabi/13.3.1/../../../../arm-none-eabi/lib/thumb/v7e-m+fp/hard\libc_nano.a(libc_a-mallocr.o)
                0x20001700                __malloc_sbrk_start
 .bss.__malloc_free_list
                0x20001704        0x4 C:/ST/STM32CubeIDE_2.0.0/STM32CubeIDE/plugins/com.st.stm32cube.ide.mcu.externaltools.gnu-tools-for-stm32.13.3.rel1.win32_1.0.100.202509120712/tools/bin/../lib/gcc/arm-none-eabi/13.3.1/../../../../arm-none-eabi/lib/thumb/v7e-m+fp/hard\libc_nano.a(libc_a-mallocr.o)
                0x20001704                __malloc_free_list
 *(COMMON)
                0x20001708                        . = ALIGN (0x4)
                0x20001708                        _ebss = .
                0x20001708                        __bss_end__ = _ebss

._user_heap_stack
                0x20001708      0x600 load address 0x0800d50c
                0x20001708                        . = ALIGN (0x8)
                [!provide]                        PROVIDE (end = .)
                0x20001708                        PROVIDE (_end = .)
                0x20001908                        . = (. + _Min_Heap_Size)
 *fill*         0x20001708      0x200 
                0x20001d08                        . = (. + _Min_Stack_Size)
 *fill*         0x20001908      0x400 
                0x20001d08                        . = ALIGN (0x8)

/DISCARD/
 libc.a(*)
 libm.a(*)
 libgcc.a(*)

.ARM.attributes
                0x00000000       0x30
 *(.ARM.attributes)
 .ARM.attributes
                0x00000000       0x22 C:/ST/STM32CubeIDE_2.0.0/STM32CubeIDE/plugins/com.st.stm32cube.ide.mcu.externaltools.gnu-tools-for-stm32.13.3.rel1.win32_1.0.100.202509120712/tools/bin/../lib/gcc/arm-none-eabi/13.3.1/thumb/v7e-m+fp/hard/crti.o
 .ARM.attributes
                0x00000022       0x34 C:/ST/STM32CubeIDE_2.0.0/STM32CubeIDE/plugins/com.st.stm32cube.ide.mcu.externaltools.gnu-tools-for-stm32.13.3.rel1.win32_1.0.100.202509120712/tools/bin/../lib/gcc/arm-none-eabi/13.3.1/thumb/v7e-m+fp/hard/crtbegin.o
 .ARM.attributes
                0x00000056       0x34 ./Core/Src/main.o
 .ARM.attributes
                0x0000008a       0x34 ./Core/Src/stm32f3xx_hal_msp.o
 .ARM.attributes
                0x000000be       0x34 ./Core/Src/stm32f3xx_it.o
 .ARM.attributes
                0x000000f2       0x34 ./Core/Src/syscalls.o
 .ARM.attributes
                0x00000126       0x34 ./Core/Src/sysmem.o
 .ARM.attributes
                0x0000015a       0x34 ./Core/Src/system_stm32f3xx.o
 .ARM.attributes
                0x0000018e       0x21 ./Core/Startup/startup_stm32f373cctx.o
 .ARM.attributes
                0x000001af       0x34 ./Drivers/STM32F3xx_HAL_Driver/Src/stm32f3xx_hal.o
 .ARM.attributes
                0x000001e3       0x34 ./Drivers/STM32F3xx_HAL_Driver/Src/stm32f3xx_hal_cortex.o
 .ARM.attributes
                0x00000217       0x34 ./Drivers/STM32F3xx_HAL_Driver/Src/stm32f3xx_hal_crc.o
 .ARM.attributes
                0x0000024b       0x34 ./Drivers/STM32F3xx_HAL_Driver/Src/stm32f3xx_hal_crc_ex.o
 .ARM.attributes
                0x0000027f       0x34 ./Drivers/STM32F3xx_HAL_Driver/Src/stm32f3xx_hal_gpio.o
 .ARM.attributes
                0x000002b3       0x34 ./Drivers/STM32F3xx_HAL_Driver/Src/stm32f3xx_hal_pcd.o
 .ARM.attributes