../Core/Src/stm32f3xx_hal_msp.c:65:6:HAL_MspInit	8	static
../Core/Src/stm32f3xx_hal_msp.c:88:6:HAL_TIM_PWM_MspInit	8	static
../Core/Src/stm32f3xx_hal_msp.c:111:6:HAL_TIM_Base_MspInit	8	static
../Core/Src/stm32f3xx_hal_msp.c:128:6:HAL_TIM_MspPostInit	32	static
../Core/Src/stm32f3xx_hal_msp.c:160:6:HAL_TIM_PWM_MspDeInit	0	static
../Core/Src/stm32f3xx_hal_msp.c:182:6:HAL_TIM_Base_MspDeInit	0	static
../Core/Src/stm32f3xx_hal_msp.c:204:6:HAL_UART_MspInit	40	static
../Core/Src/stm32f3xx_hal_msp.c:241:6:HAL_UART_MspDeInit	0	static
